build time -- 2022-03-08 06:04:01
[1646719913.762516] [h16c54:11084:0]         mxm.c:196  MXM  WARN  The 'ulimit -s' on the system is set to 'unlimited'. This may have negative performance implications. Please set the stack size to the default value (10240) 
[1646719913.767571] [h16c54:11084:0]         mxm.c:196  MXM  WARN  The 'ulimit -s' on the system is set to 'unlimited'. This may have negative performance implications. Please set the stack size to the default value (10240) 
[1646719913.762473] [h16c54:11086:0]         mxm.c:196  MXM  WARN  The 'ulimit -s' on the system is set to 'unlimited'. This may have negative performance implications. Please set the stack size to the default value (10240) 
[1646719913.767482] [h16c54:11086:0]         mxm.c:196  MXM  WARN  The 'ulimit -s' on the system is set to 'unlimited'. This may have negative performance implications. Please set the stack size to the default value (10240) 
[1646719913.756327] [h16c54:11087:0]         mxm.c:196  MXM  WARN  The 'ulimit -s' on the system is set to 'unlimited'. This may have negative performance implications. Please set the stack size to the default value (10240) 
[1646719913.761313] [h16c54:11087:0]         mxm.c:196  MXM  WARN  The 'ulimit -s' on the system is set to 'unlimited'. This may have negative performance implications. Please set the stack size to the default value (10240) 
[1646719913.756310] [h16c54:11085:0]         mxm.c:196  MXM  WARN  The 'ulimit -s' on the system is set to 'unlimited'. This may have negative performance implications. Please set the stack size to the default value (10240) 
[1646719913.761251] [h16c54:11085:0]         mxm.c:196  MXM  WARN  The 'ulimit -s' on the system is set to 'unlimited'. This may have negative performance implications. Please set the stack size to the default value (10240) 
  Beginning Test, file ESMF_InfoArrayUTest.F90, line 72
  NUMBER_OF_PROCESSORS           4
  Beginning Test, file ESMF_InfoArrayUTest.F90, line 72
  NUMBER_OF_PROCESSORS           4
  Beginning Test, file ESMF_InfoArrayUTest.F90, line 72
  NUMBER_OF_PROCESSORS           4
  Beginning Test, file ESMF_InfoArrayUTest.F90, line 72
  NUMBER_OF_PROCESSORS           4
  PASS  ESMF_Info Array Setting/Getting R4, ESMF_InfoArrayUTest.F90, line 104
  PASS  ESMF_Info Array Setting/Getting R4, ESMF_InfoArrayUTest.F90, line 104
  PASS  ESMF_Info Array Setting/Getting R4, ESMF_InfoArrayUTest.F90, line 104
  PASS  ESMF_Info Array Setting/Getting R4, ESMF_InfoArrayUTest.F90, line 104
  PASS  ESMF_Info Array Setting/Getting R8, ESMF_InfoArrayUTest.F90, line 131
  PASS  ESMF_Info Array Setting/Getting R8, ESMF_InfoArrayUTest.F90, line 131
  PASS  ESMF_Info Array Setting/Getting R8, ESMF_InfoArrayUTest.F90, line 131
  PASS  ESMF_Info Array Setting/Getting R8, ESMF_InfoArrayUTest.F90, line 131
  PASS  ESMF_Info Array Setting/Getting I4, ESMF_InfoArrayUTest.F90, line 158
  PASS  ESMF_Info Array Setting/Getting I4, ESMF_InfoArrayUTest.F90, line 158
  PASS  ESMF_Info Array Setting/Getting I4, ESMF_InfoArrayUTest.F90, line 158
  PASS  ESMF_Info Array Setting/Getting I4, ESMF_InfoArrayUTest.F90, line 158
  PASS  ESMF_Info Array Setting/Getting I8, ESMF_InfoArrayUTest.F90, line 185
  PASS  ESMF_Info Array Setting/Getting I8, ESMF_InfoArrayUTest.F90, line 185
  PASS  ESMF_Info Array Setting/Getting I8, ESMF_InfoArrayUTest.F90, line 185
  PASS  ESMF_Info Array Setting/Getting I8, ESMF_InfoArrayUTest.F90, line 185
  PASS  ESMF_Info Array Setting/Getting Index R4, ESMF_InfoArrayUTest.F90, line 204
  PASS  ESMF_Info Array Setting/Getting Index R4, ESMF_InfoArrayUTest.F90, line 204
  PASS  ESMF_Info Array Setting/Getting Index R4, ESMF_InfoArrayUTest.F90, line 204
  PASS  ESMF_Info Array Setting/Getting Index R4, ESMF_InfoArrayUTest.F90, line 204
  PASS  ESMF_Info Array Setting/Getting Index R8, ESMF_InfoArrayUTest.F90, line 223
  PASS  ESMF_Info Array Setting/Getting Index R8, ESMF_InfoArrayUTest.F90, line 223
  PASS  ESMF_Info Array Setting/Getting Index R8, ESMF_InfoArrayUTest.F90, line 223
  PASS  ESMF_Info Array Setting/Getting Index I4, ESMF_InfoArrayUTest.F90, line 242
  PASS  ESMF_Info Array Setting/Getting Index R8, ESMF_InfoArrayUTest.F90, line 223
  PASS  ESMF_Info Array Setting/Getting Index I4, ESMF_InfoArrayUTest.F90, line 242
  PASS  ESMF_Info Array Setting/Getting Index I8, ESMF_InfoArrayUTest.F90, line 261
  PASS  ESMF_Info Array Setting/Getting Index I4, ESMF_InfoArrayUTest.F90, line 242
  PASS  ESMF_Info Array Setting/Getting Index I8, ESMF_InfoArrayUTest.F90, line 261
  PASS  ESMF_Info Array Setting/Getting Index I4, ESMF_InfoArrayUTest.F90, line 242
  PASS  ESMF_Info Array Setting/Getting Index I8, ESMF_InfoArrayUTest.F90, line 261
  PASS  ESMF_Info Array Setting/Getting Index I8, ESMF_InfoArrayUTest.F90, line 261
  PASS  ESMF_Info Array Setting/Getting Logical, ESMF_InfoArrayUTest.F90, line 292
  PASS  ESMF_Info Array Setting/Getting Logical, ESMF_InfoArrayUTest.F90, line 292
  PASS  ESMF_Info Array Setting/Getting Logical, ESMF_InfoArrayUTest.F90, line 292
  PASS  ESMF_Info Array Setting/Getting Logical, ESMF_InfoArrayUTest.F90, line 292
  PASS  ESMF_Info Array Setting/Getting Character, ESMF_InfoArrayUTest.F90, line 325
  PASS  ESMF_Info Array Setting/Getting Character, ESMF_InfoArrayUTest.F90, line 325
  PASS  ESMF_Info Array Setting/Getting Character, ESMF_InfoArrayUTest.F90, line 325
  PASS  ESMF_Info Array Setting/Getting Character, ESMF_InfoArrayUTest.F90, line 325
  PASS  ESMF_Info Array Bad Set-By-Index, ESMF_InfoArrayUTest.F90, line 335
  PASS  ESMF_Info Array Bad Set-By-Index, ESMF_InfoArrayUTest.F90, line 335
  PASS  ESMF_Info Array Bad Set-By-Index, ESMF_InfoArrayUTest.F90, line 335
  PASS  ESMF_Info Array Bad Set-By-Index, ESMF_InfoArrayUTest.F90, line 335
  PASS  ESMF_Info Array Bad Set-By-Index Type, ESMF_InfoArrayUTest.F90, line 345
  PASS  ESMF_Info Array Bad Set-By-Index Type, ESMF_InfoArrayUTest.F90, line 345
  PASS  ESMF_Info Array Bad Set-By-Index Type, ESMF_InfoArrayUTest.F90, line 345
  PASS  ESMF_Info Array Bad Set-By-Index Type, ESMF_InfoArrayUTest.F90, line 345
  PASS  ESMF_Info Array Bad Key Overload Type, ESMF_InfoArrayUTest.F90, line 356
  PASS  ESMF_Info Array Bad Key Overload Type, ESMF_InfoArrayUTest.F90, line 356
  PASS  ESMF_Info Array Bad Key Overload Type, ESMF_InfoArrayUTest.F90, line 356
  PASS  ESMF_Info Array Bad Key Overload Type, ESMF_InfoArrayUTest.F90, line 356
  PASS  ESMF_Info Get Array when Storage is Scalar, ESMF_InfoArrayUTest.F90, line 373
  PASS  ESMF_Info Get Array when Storage is Scalar, ESMF_InfoArrayUTest.F90, line 373
  PASS  ESMF_Info Get Array when Storage is Scalar, ESMF_InfoArrayUTest.F90, line 373
  PASS  ESMF_Info Get Array when Storage is Scalar for Character, ESMF_InfoArrayUTest.F90, line 388
  PASS  ESMF_Info Get Array when Storage is Scalar for Character, ESMF_InfoArrayUTest.F90, line 388
  PASS  ESMF_Info Get Array when Storage is Scalar for Character, ESMF_InfoArrayUTest.F90, line 388
  PASS  ESMF_Info Get Array when Storage is Scalar, ESMF_InfoArrayUTest.F90, line 373
  PASS  ESMF_Info Get Array when Storage is NULL, ESMF_InfoArrayUTest.F90, line 403
  PASS  ESMF_Info Get Array when Storage is Scalar for Character, ESMF_InfoArrayUTest.F90, line 388
  PASS  ESMF_Info Get Array when Storage is NULL, ESMF_InfoArrayUTest.F90, line 403
  PASS  ESMF_Info Get Array when Storage is NULL, ESMF_InfoArrayUTest.F90, line 403
  PASS  ESMF_Info Get Array with Scalar Conversion Character, ESMF_InfoArrayUTest.F90, line 419
  PASS  ESMF_Info Get Array with Scalar Conversion Character, ESMF_InfoArrayUTest.F90, line 419
  PASS  ESMF_Info Get Array with Scalar Conversion Character, ESMF_InfoArrayUTest.F90, line 419
  PASS  ESMF_Info Get Array when Storage is NULL, ESMF_InfoArrayUTest.F90, line 403
  PASS  ESMF_Info Get Array with Scalar Conversion Logical, ESMF_InfoArrayUTest.F90, line 435
  PASS  ESMF_Info Get Array with Scalar Conversion Logical, ESMF_InfoArrayUTest.F90, line 435
  Ending Test, file ESMF_InfoArrayUTest.F90, line 443
  PASS  ESMF_Info Get Array with Scalar Conversion Logical, ESMF_InfoArrayUTest.F90, line 435
  PASS  ESMF_Info Get Array with Scalar Conversion Character, ESMF_InfoArrayUTest.F90, line 419
  Ending Test, file ESMF_InfoArrayUTest.F90, line 443
  Ending Test, file ESMF_InfoArrayUTest.F90, line 443
  PASS  ESMF_Info Get Array with Scalar Conversion Logical, ESMF_InfoArrayUTest.F90, line 435
  Ending Test, file ESMF_InfoArrayUTest.F90, line 443
  PET           2  Test Elapsed Time    17.782999999999994       msec.
  PET           1  Test Elapsed Time    18.349999999999977       msec.
  PET           3  Test Elapsed Time    18.203999999999997       msec.
  PET           0  Test Elapsed Time    18.835999999999963       msec.
