build time -- 2022-03-13 04:08:46
Warning: Process to core binding is enabled and OMP_NUM_THREADS is set to non-zero (1) value
If your program has OpenMP sections, this can cause over-subscription of cores and consequently poor performance
To avoid this, please re-run your application after setting MV2_ENABLE_AFFINITY=0
Use MV2_USE_THREAD_WARNING=0 to suppress this message
  Beginning Test, file ESMF_TraceIOUTest.F90, line 63
  Beginning Test, file ESMF_TraceIOUTest.F90, line 63
  Beginning Test, file ESMF_TraceIOUTest.F90, line 63
  Beginning Test, file ESMF_TraceIOUTest.F90, line 63
  NUMBER_OF_PROCESSORS           4
  NUMBER_OF_PROCESSORS           4
  NUMBER_OF_PROCESSORS           4
  NUMBER_OF_PROCESSORS           4
  PASS  Test trace user region enter, ESMF_TraceIOUTest.F90, line 79
  PASS  Test trace user region enter, ESMF_TraceIOUTest.F90, line 79
  PASS  Test trace user region enter, ESMF_TraceIOUTest.F90, line 79
  PASS  Test trace user region enter, ESMF_TraceIOUTest.F90, line 79
  PASS  Test trace user region exit, ESMF_TraceIOUTest.F90, line 87
  PASS  Test trace user region exit, ESMF_TraceIOUTest.F90, line 87
  PASS  Test trace user region exit, ESMF_TraceIOUTest.F90, line 87
  PASS  Test trace user region exit, ESMF_TraceIOUTest.F90, line 87
  PASS  Test trace memory usage, ESMF_TraceIOUTest.F90, line 95
  PASS  Test trace memory usage, ESMF_TraceIOUTest.F90, line 95
  PASS  Test trace memory usage, ESMF_TraceIOUTest.F90, line 95
  PASS  Test trace memory usage, ESMF_TraceIOUTest.F90, line 95
  PASS  Close trace, ESMF_TraceIOUTest.F90, line 106
  PASS  Close trace, ESMF_TraceIOUTest.F90, line 106
  PASS  Close trace, ESMF_TraceIOUTest.F90, line 106
  PASS  Close trace, ESMF_TraceIOUTest.F90, line 106
  PASS  Verify trace metadata exists, ESMF_TraceIOUTest.F90, line 134
  PASS  Read trace metadata file, ESMF_TraceIOUTest.F90, line 153
  PASS  Verify trace metadata exists, ESMF_TraceIOUTest.F90, line 134
  PASS  Validate trace metadata header, ESMF_TraceIOUTest.F90, line 164
  PASS  Verify trace metadata exists, ESMF_TraceIOUTest.F90, line 134
 Attempt to open trace file: traceout/esmf_stream_0002
  PASS  Read trace metadata file, ESMF_TraceIOUTest.F90, line 153
  PASS  Read trace metadata file, ESMF_TraceIOUTest.F90, line 153
  PASS  Validate trace metadata header, ESMF_TraceIOUTest.F90, line 164
  PASS  Validate trace metadata header, ESMF_TraceIOUTest.F90, line 164
  PASS  Verify trace stream file exists, ESMF_TraceIOUTest.F90, line 181
 Attempt to open trace file: traceout/esmf_stream_0001
 Attempt to open trace file: traceout/esmf_stream_0003
  PASS  Verify trace metadata exists, ESMF_TraceIOUTest.F90, line 134
  Ending Test, file ESMF_TraceIOUTest.F90, line 187
  PASS  Verify trace stream file exists, ESMF_TraceIOUTest.F90, line 181
  PASS  Verify trace stream file exists, ESMF_TraceIOUTest.F90, line 181
  PASS  Read trace metadata file, ESMF_TraceIOUTest.F90, line 153
  PASS  Validate trace metadata header, ESMF_TraceIOUTest.F90, line 162
 Attempt to open trace file: traceout/esmf_stream_0000
  Ending Test, file ESMF_TraceIOUTest.F90, line 187
  Ending Test, file ESMF_TraceIOUTest.F90, line 187
  PASS  Verify trace stream file exists, ESMF_TraceIOUTest.F90, line 181
  Ending Test, file ESMF_TraceIOUTest.F90, line 187
Error in system call pthread_mutex_destroy: Device or resource busy
    src/mpi/init/initthread.c:241
Error in system call pthread_mutex_destroy: Device or resource busy
    src/mpi/init/initthread.c:241
  PET           0  Test Elapsed Time    5002.17600000000       msec.
Error in system call pthread_mutex_destroy: Device or resource busy
    src/mpi/init/initthread.c:241
  PET           1  Test Elapsed Time    5003.44500000000       msec.
  PET           2  Test Elapsed Time    5003.34600000000       msec.
Error in system call pthread_mutex_destroy: Device or resource busy
    src/mpi/init/initthread.c:241
  PET           3  Test Elapsed Time    5004.18400000000       msec.
