build time -- 2022-06-06 02:20:46.302698
Name: gridcomp	  Convention: customconvention2	  Purpose: custompurpose2	


