build time -- 2022-06-08 00:59:10
Name: state	  Convention: customconvention2	  Purpose: custompurpose2	


