build time -- 2022-06-04 02:08:05.932119
Name: DistGrid000	  Convention: customconvention2	  Purpose: custompurpose2	

Custom1	Custom2	Custom3	
