build time -- 2022-03-22 02:35:27
Name: scicomp	  Convention: customconvention2	  Purpose: custompurpose2	


