build time -- 2022-03-07 02:37:33
  Beginning Test, file ESMF_LAPACKUTest.F90, line 67
  Beginning Test, file ESMF_LAPACKUTest.F90, line 67
  NUMBER_OF_PROCESSORS           2
  NUMBER_OF_PROCESSORS           2
   suggested workspace length =        4337
  PASS DGELSY workspace size inquiry test, ESMF_LAPACKUTest.F90, line 87
  PASS DGELSY computation test, ESMF_LAPACKUTest.F90, line 98
  Ending Test, file ESMF_LAPACKUTest.F90, line 109
   suggested workspace length =        4337
  PASS DGELSY workspace size inquiry test, ESMF_LAPACKUTest.F90, line 87
  PASS DGELSY computation test, ESMF_LAPACKUTest.F90, line 98
  Ending Test, file ESMF_LAPACKUTest.F90, line 109
  PET           1  Test Elapsed Time    5.6730000000000116       msec.
  PET           0  Test Elapsed Time    5.7929999999999922       msec.
