build time -- 2022-03-13 03:20:45
MPI startup(): Warning: I_MPI_PMI_LIBRARY will be ignored since the hydra process manager was found
MPI startup(): Warning: I_MPI_PMI_LIBRARY will be ignored since the hydra process manager was found
MPI startup(): Warning: I_MPI_PMI_LIBRARY will be ignored since the hydra process manager was found
MPI startup(): Warning: I_MPI_PMI_LIBRARY will be ignored since the hydra process manager was found
Beginning Test, file ESMC_BaseUTest.C, line 143
Beginning Test, file ESMC_BaseUTest.C, line 143NUMBER_OF_PROCESSORS 4
Beginning Test, file ESMC_BaseUTest.C, line 143
Beginning Test, file ESMC_BaseUTest.C, line 143NUMBER_OF_PROCESSORS 4
Beginning Test, file ESMC_BaseUTest.C, line 143
Beginning Test, file ESMC_BaseUTest.C, line 143NUMBER_OF_PROCESSORS 4
Beginning Test, file ESMC_BaseUTest.C, line 143
Beginning Test, file ESMC_BaseUTest.C, line 143NUMBER_OF_PROCESSORS 4
PASS testSerializeDeserialize, ESMC_BaseUTest.C, line 150
PASS testSerializeDeserialize, ESMC_BaseUTest.C, line 150
PASS testSerializeDeserialize, ESMC_BaseUTest.C, line 150
PASS testSerializeDeserialize, ESMC_BaseUTest.C, line 150
Ending Test, file ESMC_BaseUTest.C, line 154
Ending Test, file ESMC_BaseUTest.C, line 154
Ending Test, file ESMC_BaseUTest.C, line 154
Ending Test, file ESMC_BaseUTest.C, line 154
Ending Test, file ESMC_BaseUTest.C, line 154 PET 1 Test Elapsed Time 157.658 msec.
Ending Test, file ESMC_BaseUTest.C, line 154 PET 2 Test Elapsed Time 176.503 msec.
Ending Test, file ESMC_BaseUTest.C, line 154 PET 0 Test Elapsed Time 177.788 msec.
Ending Test, file ESMC_BaseUTest.C, line 154 PET 3 Test Elapsed Time 146.45 msec.
