build time -- 2022-04-19 00:28:09
  Beginning Test, file ESMF_AttributeUpdateComponentUTest.F90, line 442
  NUMBER_OF_PROCESSORS           8
  Beginning Test, file ESMF_AttributeUpdateComponentUTest.F90, line 442
  NUMBER_OF_PROCESSORS           8
  Beginning Test, file ESMF_AttributeUpdateComponentUTest.F90, line 442
  NUMBER_OF_PROCESSORS           8
  Beginning Test, file ESMF_AttributeUpdateComponentUTest.F90, line 442
  NUMBER_OF_PROCESSORS           8
  Beginning Test, file ESMF_AttributeUpdateComponentUTest.F90, line 442
  NUMBER_OF_PROCESSORS           8
  Beginning Test, file ESMF_AttributeUpdateComponentUTest.F90, line 442
  NUMBER_OF_PROCESSORS           8
  Beginning Test, file ESMF_AttributeUpdateComponentUTest.F90, line 442
  NUMBER_OF_PROCESSORS           8
  Beginning Test, file ESMF_AttributeUpdateComponentUTest.F90, line 442
  NUMBER_OF_PROCESSORS           8
  PASS  PET            0 : Getting an updated Attribute value from a Component test: value = value1, ESMF_AttributeUpdateComponentUTest.F90, line 526
  PASS  PET            1 : Getting an updated Attribute value from a Component test: value = value1, ESMF_AttributeUpdateComponentUTest.F90, line 526
  PASS  PET            3 : Getting an updated Attribute value from a Component test: value = value1, ESMF_AttributeUpdateComponentUTest.F90, line 526
  PASS  PET            3 : Getting an updated Attribute value from a Component test: value = value2, ESMF_AttributeUpdateComponentUTest.F90, line 533
  PASS  PET            5 : Getting an updated Attribute value from a Component test: value = value1, ESMF_AttributeUpdateComponentUTest.F90, line 526
  PASS  PET            5 : Getting an updated Attribute value from a Component test: value = value2, ESMF_AttributeUpdateComponentUTest.F90, line 533
  PASS  PET            6 : Getting an updated Attribute value from a Component test: value = value1, ESMF_AttributeUpdateComponentUTest.F90, line 526
  PASS  PET            6 : Getting an updated Attribute value from a Component test: value = value2, ESMF_AttributeUpdateComponentUTest.F90, line 533
  PASS  PET            6 : Getting an updated Attribute value from a Component test: value = value3, ESMF_AttributeUpdateComponentUTest.F90, line 540
  PASS  PET            7 : Getting an updated Attribute value from a Component test: value = value1, ESMF_AttributeUpdateComponentUTest.F90, line 526
  PASS  PET            7 : Getting an updated Attribute value from a Component test: value = value2, ESMF_AttributeUpdateComponentUTest.F90, line 533
  PASS  PET            7 : Getting an updated Attribute value from a Component test: value = value3, ESMF_AttributeUpdateComponentUTest.F90, line 540
  PASS  PET            0 : Getting an updated Attribute value from a Component test: value = value2, ESMF_AttributeUpdateComponentUTest.F90, line 533
  PASS  PET            0 : Getting an updated Attribute value from a Component test: value = value3, ESMF_AttributeUpdateComponentUTest.F90, line 540
  PASS  PET            1 : Getting an updated Attribute value from a Component test: value = value2, ESMF_AttributeUpdateComponentUTest.F90, line 533
  PASS  PET            1 : Getting an updated Attribute value from a Component test: value = value3, ESMF_AttributeUpdateComponentUTest.F90, line 540
  PASS  PET            2 : Getting an updated Attribute value from a Component test: value = value1, ESMF_AttributeUpdateComponentUTest.F90, line 526
  PASS  PET            2 : Getting an updated Attribute value from a Component test: value = value2, ESMF_AttributeUpdateComponentUTest.F90, line 533
  PASS  PET            2 : Getting an updated Attribute value from a Component test: value = value3, ESMF_AttributeUpdateComponentUTest.F90, line 540
  PASS  PET            3 : Getting an updated Attribute value from a Component test: value = value3, ESMF_AttributeUpdateComponentUTest.F90, line 540
  PASS  PET            4 : Getting an updated Attribute value from a Component test: value = value1, ESMF_AttributeUpdateComponentUTest.F90, line 526
  PASS  PET            4 : Getting an updated Attribute value from a Component test: value = value2, ESMF_AttributeUpdateComponentUTest.F90, line 533
  PASS  PET            4 : Getting an updated Attribute value from a Component test: value = value3, ESMF_AttributeUpdateComponentUTest.F90, line 540
  PASS  PET            5 : Getting an updated Attribute value from a Component test: value = value3, ESMF_AttributeUpdateComponentUTest.F90, line 540
  PASS  PET            0 : Getting a lone Attribute from a Component test: value = Lone Attribute, ESMF_AttributeUpdateComponentUTest.F90, line 547
  PASS  PET            1 : Getting a lone Attribute from a Component test: value = Lone Attribute, ESMF_AttributeUpdateComponentUTest.F90, line 547
  PASS  PET            2 : Getting a lone Attribute from a Component test: value = Lone Attribute, ESMF_AttributeUpdateComponentUTest.F90, line 547
  PASS  PET            3 : Getting a lone Attribute from a Component test: value = Lone Attribute, ESMF_AttributeUpdateComponentUTest.F90, line 547
  PASS  PET            4 : Getting a lone Attribute from a Component test: value = Lone Attribute, ESMF_AttributeUpdateComponentUTest.F90, line 547
  PASS  PET            5 : Getting a lone Attribute from a Component test: value = Lone Attribute, ESMF_AttributeUpdateComponentUTest.F90, line 547
  PASS  PET            6 : Getting a lone Attribute from a Component test: value = Lone Attribute, ESMF_AttributeUpdateComponentUTest.F90, line 547
  PASS  PET            7 : Getting a lone Attribute from a Component test: value = Lone Attribute, ESMF_AttributeUpdateComponentUTest.F90, line 547
  Ending Test, file ESMF_AttributeUpdateComponentUTest.F90, line 572
  Ending Test, file ESMF_AttributeUpdateComponentUTest.F90, line 572
  Ending Test, file ESMF_AttributeUpdateComponentUTest.F90, line 572
  Ending Test, file ESMF_AttributeUpdateComponentUTest.F90, line 572
  Ending Test, file ESMF_AttributeUpdateComponentUTest.F90, line 572
  Ending Test, file ESMF_AttributeUpdateComponentUTest.F90, line 572
  Ending Test, file ESMF_AttributeUpdateComponentUTest.F90, line 572
  Ending Test, file ESMF_AttributeUpdateComponentUTest.F90, line 572
  PET           2  Test Elapsed Time    74.080999999999989       msec.
  PET           3  Test Elapsed Time    72.325999999999993       msec.
  PET           4  Test Elapsed Time    73.906999999999996       msec.
  PET           5  Test Elapsed Time    73.910999999999987       msec.
  PET           6  Test Elapsed Time    72.885999999999996       msec.
  PET           0  Test Elapsed Time    42.588999999999999       msec.
  PET           1  Test Elapsed Time    72.250999999999991       msec.
  PET           7  Test Elapsed Time    73.748999999999981       msec.
