build time -- 2022-04-14 00:37:41
Name: MyArrayBundle	  Convention: customconvention2	  Purpose: custompurpose2	


