build time -- 2022-03-11 01:10:01.729414
  Beginning Test, file src/Superstructure/InfoAPI/tests/ESMF_InfoDescribeUTest.F90, line 51
  NUMBER_OF_PROCESSORS           4
  PASS  No double initialization, src/Superstructure/InfoAPI/tests/ESMF_InfoDescribeUTest.F90, line 71
  PASS  Initialize/Destroy, src/Superstructure/InfoAPI/tests/ESMF_InfoDescribeUTest.F90, line 85
  PASS  Initialize behavior, src/Superstructure/InfoAPI/tests/ESMF_InfoDescribeUTest.F90, line 110
  PASS  Mesh is enabled, src/Superstructure/InfoAPI/tests/ESMF_InfoDescribeUTest.F90, line 146
  Ending Test, file src/Superstructure/InfoAPI/tests/ESMF_InfoDescribeUTest.F90, line 153
  PET           1  Test Elapsed Time   0.74400000000000077       msec.
  Beginning Test, file src/Superstructure/InfoAPI/tests/ESMF_InfoDescribeUTest.F90, line 51
  NUMBER_OF_PROCESSORS           4
  PASS  No double initialization, src/Superstructure/InfoAPI/tests/ESMF_InfoDescribeUTest.F90, line 71
  PASS  Initialize/Destroy, src/Superstructure/InfoAPI/tests/ESMF_InfoDescribeUTest.F90, line 85
  PASS  Initialize behavior, src/Superstructure/InfoAPI/tests/ESMF_InfoDescribeUTest.F90, line 110
  PASS  Mesh is enabled, src/Superstructure/InfoAPI/tests/ESMF_InfoDescribeUTest.F90, line 146
  Ending Test, file src/Superstructure/InfoAPI/tests/ESMF_InfoDescribeUTest.F90, line 153
  PET           3  Test Elapsed Time   0.74199999999999955       msec.
  Beginning Test, file src/Superstructure/InfoAPI/tests/ESMF_InfoDescribeUTest.F90, line 51
  NUMBER_OF_PROCESSORS           4
  PASS  No double initialization, src/Superstructure/InfoAPI/tests/ESMF_InfoDescribeUTest.F90, line 71
  PASS  Initialize/Destroy, src/Superstructure/InfoAPI/tests/ESMF_InfoDescribeUTest.F90, line 85
  PASS  Initialize behavior, src/Superstructure/InfoAPI/tests/ESMF_InfoDescribeUTest.F90, line 110
  PASS  Mesh is enabled, src/Superstructure/InfoAPI/tests/ESMF_InfoDescribeUTest.F90, line 146
  Ending Test, file src/Superstructure/InfoAPI/tests/ESMF_InfoDescribeUTest.F90, line 153
  PET           0  Test Elapsed Time   0.74600000000000011       msec.
  Beginning Test, file src/Superstructure/InfoAPI/tests/ESMF_InfoDescribeUTest.F90, line 51
  NUMBER_OF_PROCESSORS           4
  PASS  No double initialization, src/Superstructure/InfoAPI/tests/ESMF_InfoDescribeUTest.F90, line 71
  PASS  Initialize/Destroy, src/Superstructure/InfoAPI/tests/ESMF_InfoDescribeUTest.F90, line 85
  PASS  Initialize behavior, src/Superstructure/InfoAPI/tests/ESMF_InfoDescribeUTest.F90, line 110
  PASS  Mesh is enabled, src/Superstructure/InfoAPI/tests/ESMF_InfoDescribeUTest.F90, line 146
  Ending Test, file src/Superstructure/InfoAPI/tests/ESMF_InfoDescribeUTest.F90, line 153
  PET           2  Test Elapsed Time   0.74799999999999955       msec.
