build time -- 2022-06-06 12:57:30.751622
  Beginning Test, file ESMF_LogErrPerfUTest.F90, line 55
  Beginning Test, file ESMF_LogErrPerfUTest.F90, line 55
  Beginning Test, file ESMF_LogErrPerfUTest.F90, line 55
  NUMBER_OF_PROCESSORS           4
  NUMBER_OF_PROCESSORS           4
  Beginning Test, file ESMF_LogErrPerfUTest.F90, line 55
  NUMBER_OF_PROCESSORS           4
  NUMBER_OF_PROCESSORS           4
  PASS  Performance of ESMF_LogFoundError() 1000x Test, ESMF_LogErrPerfUTest.F90
 , line 64
  PASS  Performance of ESMF_LogFoundError() 1000x Test, ESMF_LogErrPerfUTest.F90
 , line 64
  PASS  Performance of ESMF_LogFoundError() 1000x Test, ESMF_LogErrPerfUTest.F90
 , line 64
  PASS  Performance of ESMF_LogFoundError() 1000x Test, ESMF_LogErrPerfUTest.F90
 , line 64
  PASS  Performance of ESMF_LogFoundError() 10000x Test, ESMF_LogErrPerfUTest.F9
 0, line 72
  PASS  Performance of ESMF_LogFoundError() 10000x Test, ESMF_LogErrPerfUTest.F9
 0, line 72
  PASS  Performance of ESMF_LogFoundError() 10000x Test, ESMF_LogErrPerfUTest.F9
 0, line 72
  PASS  Performance of ESMF_LogFoundError() 10000x Test, ESMF_LogErrPerfUTest.F9
 0, line 72
  PASS  Performance of ESMF_LogFoundError() 100000x Test, ESMF_LogErrPerfUTest.F
 90, line 80
  PASS  Performance of ESMF_LogFoundError() 100000x Test, ESMF_LogErrPerfUTest.F
 90, line 80
  PASS  Performance of ESMF_LogFoundError() 100000x Test, ESMF_LogErrPerfUTest.F
 90, line 80
  PASS  Performance of ESMF_LogFoundError() 100000x Test, ESMF_LogErrPerfUTest.F
 90, line 80
  PASS  Performance of ESMF_LogFoundError() 1000000x Test, ESMF_LogErrPerfUTest.
 F90, line 88
  PASS  Threshold check for ESMF_LogFoundError() 1000000x Test, ESMF_LogErrPerfU
 Test.F90, line 99
  PASS  Performance of ESMF_LogFoundError() 1000000x Test, ESMF_LogErrPerfUTest.
 F90, line 88
  PASS  Performance of ESMF_LogFoundError() 1000000x Test, ESMF_LogErrPerfUTest.
 F90, line 88
  PASS  Threshold check for ESMF_LogFoundError() 1000000x Test, ESMF_LogErrPerfU
 Test.F90, line 99
  Ending Test, file ESMF_LogErrPerfUTest.F90, line 103
  PASS  Threshold check for ESMF_LogFoundError() 1000000x Test, ESMF_LogErrPerfU
 Test.F90, line 99
  Ending Test, file ESMF_LogErrPerfUTest.F90, line 103
  Ending Test, file ESMF_LogErrPerfUTest.F90, line 103
  PASS  Performance of ESMF_LogFoundError() 1000000x Test, ESMF_LogErrPerfUTest.
 F90, line 88
  PASS  Threshold check for ESMF_LogFoundError() 1000000x Test, ESMF_LogErrPerfU
 Test.F90, line 99
  Ending Test, file ESMF_LogErrPerfUTest.F90, line 103
  PET           0  Test Elapsed Time    9.14900000000000       msec.
  PET           1  Test Elapsed Time    9.11100000000000       msec.
  PET           3  Test Elapsed Time    9.11600000000000       msec.
  PET           2  Test Elapsed Time    9.41000000000000       msec.
