build time -- 2022-06-07 01:08:46.631675
srun: cluster configuration lacks support for cpu binding
  Beginning Test, file ESMF_MeshOpUTest.F90, line 50
  Beginning Test, file ESMF_MeshOpUTest.F90, line 50
  Beginning Test, file ESMF_MeshOpUTest.F90, line 50
  NUMBER_OF_PROCESSORS           4
 Starting test3
  Beginning Test, file ESMF_MeshOpUTest.F90, line 50
  NUMBER_OF_PROCESSORS           4
 Starting test3
  NUMBER_OF_PROCESSORS           4
 Starting test3
  NUMBER_OF_PROCESSORS           4
 Starting test3
  PASS  exercise difference operation, ESMF_MeshOpUTest.F90, line 60
  PASS  exercise difference operation, ESMF_MeshOpUTest.F90, line 60
  PASS  exercise difference operation, ESMF_MeshOpUTest.F90, line 60
  Ending Test, file ESMF_MeshOpUTest.F90, line 62
  PASS  exercise difference operation, ESMF_MeshOpUTest.F90, line 60
  Ending Test, file ESMF_MeshOpUTest.F90, line 62
  Ending Test, file ESMF_MeshOpUTest.F90, line 62
  Ending Test, file ESMF_MeshOpUTest.F90, line 62
  PET           1  Test Elapsed Time    21.336000000000020       msec.
  PET           2  Test Elapsed Time    26.063999999999975       msec.
  PET           3  Test Elapsed Time    22.439000000000014       msec.
  PET           0  Test Elapsed Time    17.144999999999992       msec.
