build time -- 2022-03-08 23:39:32
Wed Mar  9 00:23:08 2022: [unset]:_pmi_alps_init:alps_get_placement_info returned with error -1
Wed Mar  9 00:23:08 2022: [unset]:_pmi_init:_pmi_alps_init returned -1
Wed Mar  9 00:23:08 2022: [unset]:_pmi_alps_init:alps_get_placement_info returned with error -1
Wed Mar  9 00:23:08 2022: [unset]:_pmi_init:_pmi_alps_init returned -1
Wed Mar  9 00:23:08 2022: [unset]:_pmi_alps_init:alps_get_placement_info returned with error -1
Wed Mar  9 00:23:08 2022: [unset]:_pmi_init:_pmi_alps_init returned -1
Wed Mar  9 00:23:08 2022: [unset]:_pmi_alps_init:alps_get_placement_info returned with error -1
Wed Mar  9 00:23:08 2022: [unset]:_pmi_init:_pmi_alps_init returned -1
  Beginning Test, file ESMF_TraceMPIUTest.F90, line 75
  NUMBER_OF_PROCESSORS           1
  PASS  Test trace user region enter, ESMF_TraceMPIUTest.F90, line 97
  PASS  Test trace user region enter, ESMF_TraceMPIUTest.F90, line 116
 MPI_ALLREDUCE returned           -1
  PASS  Test trace user region enter, ESMF_TraceMPIUTest.F90, line 127
  PASS  Test trace user region enter, ESMF_TraceMPIUTest.F90, line 140
  PASS  Test trace user region exit, ESMF_TraceMPIUTest.F90, line 149
  PASS  Test trace memory usage, ESMF_TraceMPIUTest.F90, line 157
  PASS  Close trace, ESMF_TraceMPIUTest.F90, line 168
  Ending Test, file ESMF_TraceMPIUTest.F90, line 180
  PET           0  Test Elapsed Time    5000.3309999999992       msec.
