build time -- 2022-05-25 01:32:34
Name: state	  Convention: customconvention2	  Purpose: custompurpose2	


