build time -- 2022-04-23 01:31:29
Beginning Test, file ESMC_TestUTest.C, line 32
Beginning Test, file ESMC_TestUTest.C, line 32NUMBER_OF_PROCESSORS 1
PASS Use of ESMC_Test(), true, ESMC_TestUTest.C, line 39
Ending Test, file ESMC_TestUTest.C, line 43
Ending Test, file ESMC_TestUTest.C, line 43 PET 0 Test Elapsed Time 0.226 msec.
