build time -- 2022-04-28 01:32:35
  Beginning Test, file ESMF_MeshOpUTest.F90, line 50
  NUMBER_OF_PROCESSORS           1
 Starting test3
  PASS  exercise difference operation, ESMF_MeshOpUTest.F90, line 60
  Ending Test, file ESMF_MeshOpUTest.F90, line 62
  PET           0  Test Elapsed Time    70.738000000000028       msec.
