build time -- 2022-04-28 02:37:08
Beginning Test, file ESMCI_ExceptionsUTest.C, line 63
Beginning Test, file ESMCI_ExceptionsUTest.C, line 63NUMBER_OF_PROCESSORS 4
Beginning Test, file ESMCI_ExceptionsUTest.C, line 63
Beginning Test, file ESMCI_ExceptionsUTest.C, line 63NUMBER_OF_PROCESSORS 4
PASS Bare throw Test, ESMCI_ExceptionsUTest.C, line 76
PASS Deep throw Test, ESMCI_ExceptionsUTest.C, line 89
PASS ClassNoDestructor throw Test, ESMCI_ExceptionsUTest.C, line 102
PASS Bare throw Test, ESMCI_ExceptionsUTest.C, line 76
PASS ClassWithDestructor throw Test, ESMCI_ExceptionsUTest.C, line 115
PASS Deep throw Test, ESMCI_ExceptionsUTest.C, line 89
PASS ClassNoDestructor throw Test, ESMCI_ExceptionsUTest.C, line 102
Ending Test, file ESMCI_ExceptionsUTest.C, line 119
PASS ClassWithDestructor throw Test, ESMCI_ExceptionsUTest.C, line 115
Ending Test, file ESMCI_ExceptionsUTest.C, line 119
Beginning Test, file ESMCI_ExceptionsUTest.C, line 63
Beginning Test, file ESMCI_ExceptionsUTest.C, line 63NUMBER_OF_PROCESSORS 4
PASS Bare throw Test, ESMCI_ExceptionsUTest.C, line 76
PASS Deep throw Test, ESMCI_ExceptionsUTest.C, line 89
PASS ClassNoDestructor throw Test, ESMCI_ExceptionsUTest.C, line 102
PASS ClassWithDestructor throw Test, ESMCI_ExceptionsUTest.C, line 115
Ending Test, file ESMCI_ExceptionsUTest.C, line 119
Beginning Test, file ESMCI_ExceptionsUTest.C, line 63
Beginning Test, file ESMCI_ExceptionsUTest.C, line 63NUMBER_OF_PROCESSORS 4
PASS Bare throw Test, ESMCI_ExceptionsUTest.C, line 76
PASS Deep throw Test, ESMCI_ExceptionsUTest.C, line 89
PASS ClassNoDestructor throw Test, ESMCI_ExceptionsUTest.C, line 102
PASS ClassWithDestructor throw Test, ESMCI_ExceptionsUTest.C, line 115
Ending Test, file ESMCI_ExceptionsUTest.C, line 119
Ending Test, file ESMCI_ExceptionsUTest.C, line 119 PET 0 Test Elapsed Time 162.936 msec.
Ending Test, file ESMCI_ExceptionsUTest.C, line 119 PET 3 Test Elapsed Time 116.685 msec.
Ending Test, file ESMCI_ExceptionsUTest.C, line 119 PET 1 Test Elapsed Time 163.89 msec.
Ending Test, file ESMCI_ExceptionsUTest.C, line 119 PET 2 Test Elapsed Time 18.425 msec.
