build time -- 2022-03-10 15:27:07.369608
  Beginning Test, file ESMF_LocStreamUTest.F90, line 78
  NUMBER_OF_PROCESSORS           4
  Beginning Test, file ESMF_LocStreamUTest.F90, line 78
  NUMBER_OF_PROCESSORS           4
  Beginning Test, file ESMF_LocStreamUTest.F90, line 78
  NUMBER_OF_PROCESSORS           4
  Beginning Test, file ESMF_LocStreamUTest.F90, line 78
  NUMBER_OF_PROCESSORS           4
  PASS  Testing LocStream IsCreated for uncreated object, ESMF_LocStreamUTest.F90, line 99
  PASS  Testing LocStream IsCreated for uncreated object, ESMF_LocStreamUTest.F90, line 99
  PASS  Testing LocStream IsCreated for uncreated object, ESMF_LocStreamUTest.F90, line 99
  PASS  Testing LocStream IsCreated for uncreated object, ESMF_LocStreamUTest.F90, line 99
  PASS  Testing LocStream IsCreated for uncreated object, ESMF_LocStreamUTest.F90, line 107
  PASS  Testing LocStream IsCreated for uncreated object, ESMF_LocStreamUTest.F90, line 107
  PASS  Testing LocStream IsCreated for uncreated object, ESMF_LocStreamUTest.F90, line 107
  PASS  Testing LocStream IsCreated for uncreated object, ESMF_LocStreamUTest.F90, line 107
  PASS  Create test LocStream for IsCreated, ESMF_LocStreamUTest.F90, line 115
  PASS  Create test LocStream for IsCreated, ESMF_LocStreamUTest.F90, line 115
  PASS  Create test LocStream for IsCreated, ESMF_LocStreamUTest.F90, line 115
  PASS  Create test LocStream for IsCreated, ESMF_LocStreamUTest.F90, line 115
  PASS  Testing LocStream IsCreated for created object, ESMF_LocStreamUTest.F90, line 123
  PASS  Testing LocStream IsCreated for created object, ESMF_LocStreamUTest.F90, line 123
  PASS  Testing LocStream IsCreated for created object, ESMF_LocStreamUTest.F90, line 131
  PASS  Testing LocStream IsCreated for created object, ESMF_LocStreamUTest.F90, line 123
  PASS  Testing LocStream IsCreated for created object, ESMF_LocStreamUTest.F90, line 123
  PASS  Testing LocStream IsCreated for created object, ESMF_LocStreamUTest.F90, line 131
  PASS  Destroy test LocStream for IsCreated, ESMF_LocStreamUTest.F90, line 139
  PASS  Testing LocStream IsCreated for created object, ESMF_LocStreamUTest.F90, line 131
  PASS  Testing LocStream IsCreated for created object, ESMF_LocStreamUTest.F90, line 131
  PASS  Destroy test LocStream for IsCreated, ESMF_LocStreamUTest.F90, line 139
  PASS  Destroy test LocStream for IsCreated, ESMF_LocStreamUTest.F90, line 139
  PASS  Testing LocStream IsCreated for destroyed object, ESMF_LocStreamUTest.F90, line 147
  PASS  Destroy test LocStream for IsCreated, ESMF_LocStreamUTest.F90, line 139
  PASS  Testing LocStream IsCreated for destroyed object, ESMF_LocStreamUTest.F90, line 155
  PASS  Testing LocStream IsCreated for destroyed object, ESMF_LocStreamUTest.F90, line 147
  PASS  Testing LocStream IsCreated for destroyed object, ESMF_LocStreamUTest.F90, line 155
  PASS  Testing LocStream IsCreated for destroyed object, ESMF_LocStreamUTest.F90, line 147
  PASS  Testing LocStream IsCreated for destroyed object, ESMF_LocStreamUTest.F90, line 155
  PASS  Testing LocStream IsCreated for destroyed object, ESMF_LocStreamUTest.F90, line 147
  PASS  Testing LocStream IsCreated for destroyed object, ESMF_LocStreamUTest.F90, line 155
  PASS  Testing LocStream Validate, ESMF_LocStreamUTest.F90, line 187
  PASS  Testing LocStream Validate, ESMF_LocStreamUTest.F90, line 187
  PASS  Testing LocStream Validate, ESMF_LocStreamUTest.F90, line 187
  PASS  Testing LocStream Validate, ESMF_LocStreamUTest.F90, line 187
  PASS  Test ESMF_LocStreamCreate from Regular distribution, ESMF_LocStreamUTest.F90, line 335
  PASS  Test ESMF_LocStreamCreate from Regular distribution, ESMF_LocStreamUTest.F90, line 335
  PASS  Test ESMF_LocStreamCreate from Regular distribution, ESMF_LocStreamUTest.F90, line 335
  PASS  Test ESMF_LocStreamCreate from Regular distribution, ESMF_LocStreamUTest.F90, line 335
  PASS  LocStream equality before assignment Test, ESMF_LocStreamUTest.F90, line 343
  PASS  LocStream assignment and equality Test, ESMF_LocStreamUTest.F90, line 352
  PASS  LocStream equality before assignment Test, ESMF_LocStreamUTest.F90, line 343
  PASS  LocStream equality before assignment Test, ESMF_LocStreamUTest.F90, line 343
  PASS  LocStream equality before assignment Test, ESMF_LocStreamUTest.F90, line 343
  PASS  LocStream assignment and equality Test, ESMF_LocStreamUTest.F90, line 352
  PASS  LocStream assignment and equality Test, ESMF_LocStreamUTest.F90, line 352
  PASS  LocStream assignment and equality Test, ESMF_LocStreamUTest.F90, line 352
  PASS  LocStreamDestroy Test, ESMF_LocStreamUTest.F90, line 359
  PASS  LocStream equality after destroy Test, ESMF_LocStreamUTest.F90, line 367
  PASS  LocStream non-equality after destroy Test, ESMF_LocStreamUTest.F90, line 375
  PASS  Double LocStreamDestroy through alias Test, ESMF_LocStreamUTest.F90, line 382
  PASS  Test ESMF_LocStreamCreate from Irregular distribution, ESMF_LocStreamUTest.F90, line 534
  PASS  LocStreamDestroy Test, ESMF_LocStreamUTest.F90, line 359
  PASS  LocStream equality after destroy Test, ESMF_LocStreamUTest.F90, line 367
  PASS  LocStream non-equality after destroy Test, ESMF_LocStreamUTest.F90, line 375
  PASS  Double LocStreamDestroy through alias Test, ESMF_LocStreamUTest.F90, line 382
  PASS  Test ESMF_LocStreamCreate from Irregular distribution, ESMF_LocStreamUTest.F90, line 534
  PASS  LocStreamDestroy Test, ESMF_LocStreamUTest.F90, line 359
  PASS  LocStream equality after destroy Test, ESMF_LocStreamUTest.F90, line 367
  PASS  LocStream non-equality after destroy Test, ESMF_LocStreamUTest.F90, line 375
  PASS  Double LocStreamDestroy through alias Test, ESMF_LocStreamUTest.F90, line 382
  PASS  Test ESMF_LocStreamCreate from Irregular distribution, ESMF_LocStreamUTest.F90, line 534
  PASS  LocStreamDestroy Test, ESMF_LocStreamUTest.F90, line 359
  PASS  LocStream equality after destroy Test, ESMF_LocStreamUTest.F90, line 367
  PASS  LocStream non-equality after destroy Test, ESMF_LocStreamUTest.F90, line 375
  PASS  Double LocStreamDestroy through alias Test, ESMF_LocStreamUTest.F90, line 382
  PASS  Test ESMF_LocStreamCreate from Irregular distribution, ESMF_LocStreamUTest.F90, line 534
  PASS  Testing LocStream Create from localCount and indexflag=ESMF_INDEX_DELOCAL, ESMF_LocStreamUTest.F90, line 571
  PASS  Testing LocStream Create from localCount and indexflag=ESMF_INDEX_DELOCAL, ESMF_LocStreamUTest.F90, line 571
  PASS  Testing LocStream Create from localCount and indexflag=ESMF_INDEX_DELOCAL, ESMF_LocStreamUTest.F90, line 571
  PASS  Testing LocStream Create from localCount and indexflag=ESMF_INDEX_DELOCAL, ESMF_LocStreamUTest.F90, line 571
  PASS  Testing LocStream Create from localCount and indexflag=ESMF_INDEX_GLOBAL, ESMF_LocStreamUTest.F90, line 607
  PASS  Testing LocStream Create from localCount and indexflag=ESMF_INDEX_GLOBAL, ESMF_LocStreamUTest.F90, line 607
  PASS  Testing LocStream Create from localCount and indexflag=ESMF_INDEX_GLOBAL, ESMF_LocStreamUTest.F90, line 607
  PASS  Testing LocStream Create from localCount and indexflag=ESMF_INDEX_GLOBAL, ESMF_LocStreamUTest.F90, line 607
  PASS  Testing LocStream Create defaults and LocStream Get, ESMF_LocStreamUTest.F90, line 650
  PASS  Testing LocStream Create defaults and LocStream Get, ESMF_LocStreamUTest.F90, line 650
  PASS  Testing LocStream Create defaults and LocStream Get, ESMF_LocStreamUTest.F90, line 650
  PASS  Testing LocStream Create defaults and LocStream Get, ESMF_LocStreamUTest.F90, line 650
  PASS  Test keyCount and keyNames response to ESMF_LocStreamAddKey, ESMF_LocStreamUTest.F90, line 706
  PASS  Test keyCount and keyNames response to ESMF_LocStreamAddKey, ESMF_LocStreamUTest.F90, line 706
  PASS  Test keyCount and keyNames response to ESMF_LocStreamAddKey, ESMF_LocStreamUTest.F90, line 706
  PASS  Test keyCount and keyNames response to ESMF_LocStreamAddKey, ESMF_LocStreamUTest.F90, line 706
  PASS  Test ESMF_LocStreamGetKey getting an I4 pointer and bounds, ESMF_LocStreamUTest.F90, line 767
  PASS  Test ESMF_LocStreamGetKey getting an I4 pointer and bounds, ESMF_LocStreamUTest.F90, line 767
  PASS  Test ESMF_LocStreamGetKey getting an I4 pointer and bounds, ESMF_LocStreamUTest.F90, line 767
  PASS  Test ESMF_LocStreamGetKey getting an I4 pointer and bounds, ESMF_LocStreamUTest.F90, line 767
  PASS  Test ESMF_LocStreamGetKey getting an R4 pointer and bounds, ESMF_LocStreamUTest.F90, line 828
  PASS  Test ESMF_LocStreamGetKey getting an R4 pointer and bounds, ESMF_LocStreamUTest.F90, line 828
  PASS  Test ESMF_LocStreamGetKey getting an R4 pointer and bounds, ESMF_LocStreamUTest.F90, line 828
  PASS  Test ESMF_LocStreamGetKey getting an R4 pointer and bounds, ESMF_LocStreamUTest.F90, line 828
  PASS  Test ESMF_LocStreamGetKey getting an R8 pointer and bounds, ESMF_LocStreamUTest.F90, line 890
  PASS  Test ESMF_LocStreamGetKey getting an R8 pointer and bounds, ESMF_LocStreamUTest.F90, line 890
  PASS  Test ESMF_LocStreamGetKey getting an R8 pointer and bounds, ESMF_LocStreamUTest.F90, line 890
  PASS  Test ESMF_LocStreamGetKey getting an R8 pointer and bounds, ESMF_LocStreamUTest.F90, line 890
  PASS  Test getting keyUnits and keyLongName, ESMF_LocStreamUTest.F90, line 934
  PASS  Test getting keyUnits and keyLongName, ESMF_LocStreamUTest.F90, line 934
  PASS  Test getting keyUnits and keyLongName, ESMF_LocStreamUTest.F90, line 934
  PASS  Test getting keyUnits and keyLongName, ESMF_LocStreamUTest.F90, line 934
 ESMF_LocStreamUTest: serialization buffer size =        8720
 ESMF_LocStreamUTest: serialization buffer size =        8720
 ESMF_LocStreamUTest: serialization buffer size =        8720
 ESMF_LocStreamUTest: serialization buffer size =        8720
  PASS  Test LocStream Serialize/Deserialize, ESMF_LocStreamUTest.F90, line 1020
  PASS  Test LocStream Serialize/Deserialize, ESMF_LocStreamUTest.F90, line 1020
  PASS  Test LocStream Serialize/Deserialize, ESMF_LocStreamUTest.F90, line 1020
  PASS  Test LocStream Serialize/Deserialize, ESMF_LocStreamUTest.F90, line 1020
 LocStream Print Starts ====>
 Name =     'LocStream048'
 KeyCount =           2
 LocStream Print Starts ====>
 Name =     'LocStream048'
 KeyCount =           2
 LocStream Print Starts ====>
 Name =     'LocStream048'
 KeyCount =           2
 Keys:
    A1 - LN1    U1
 LocStream Print Starts ====>
 Name =     'LocStream048'
 KeyCount =           2
 Keys:
    A1 - LN1    U1
 Keys:
    A1 - LN1    U1
 Keys:
    A1 - LN1    U1
     arr(           1 )=    1.7558587129976561E-316
     arr(           2 )=    2.1219957914593380E-314
     arr(           3 )=    0.0000000000000000     
     arr(           1 )=    5.4988399675084056E-317
     arr(           2 )=    2.1219957914593380E-314
     arr(           1 )=    1.5879388433092666E-316
     arr(           2 )=    2.1219957914593380E-314
     arr(           3 )=    0.0000000000000000     
     arr(           1 )=    1.7347878013338186E-316
     arr(           2 )=    2.1219957914593380E-314
     arr(           3 )=    0.0000000000000000     
     arr(           4 )=    0.0000000000000000     
     arr(           4 )=    0.0000000000000000     
     arr(           5 )=    0.0000000000000000     
    A2 - LN2    U2
     arr(           5 )=    0.0000000000000000     
    A2 - LN2    U2
     arr(           3 )=    0.0000000000000000     
     arr(           4 )=    0.0000000000000000     
     arr(           5 )=    0.0000000000000000     
    A2 - LN2    U2
     arr(           4 )=    0.0000000000000000     
     arr(           5 )=    0.0000000000000000     
    A2 - LN2    U2
     arr(           1 )=    0.0000000000000000     
     arr(           2 )=    2.3643162127657765E-310
     arr(           3 )=    6.0134700169990685E-154
     arr(           4 )=    6.0134700169990685E-154
     arr(           5 )=    2.3715151000379834E-322
 LocStream Print Ends   ====>
     arr(           1 )=    0.0000000000000000     
     arr(           2 )=    2.3326210091238500E-310
     arr(           3 )=    2.3326210091222690E-310
     arr(           4 )=    1.7330154890490569E-316
     arr(           5 )=    2.3715151000379834E-322
 LocStream Print Ends   ====>
     arr(           1 )=    2.3279288191561917E-310
     arr(           2 )=    2.3279288191561917E-310
     arr(           3 )=    6.0134700169990685E-154
     arr(           4 )=    6.3734468313520804E-322
  PASS  Test Print, ESMF_LocStreamUTest.F90, line 1053
  PASS  Test Print, ESMF_LocStreamUTest.F90, line 1053
     arr(           1 )=    2.3209359328012606E-310
     arr(           2 )=    2.3209359328012606E-310
     arr(           3 )=    6.0134700169990685E-154
     arr(           4 )=    6.0134700169990685E-154
     arr(           5 )=    0.0000000000000000     
 LocStream Print Ends   ====>
  PASS  Test Print, ESMF_LocStreamUTest.F90, line 1053
     arr(           5 )=    1.5679106077844125E-316
 LocStream Print Ends   ====>
  PASS  Test Print, ESMF_LocStreamUTest.F90, line 1053
  PASS  Test ESMF_LocStreamCreate from Regular distribution, ESMF_LocStreamUTest.F90, line 1205
  PASS  Test ESMF_LocStreamCreate from Regular distribution, ESMF_LocStreamUTest.F90, line 1205
  PASS  Test ESMF_LocStreamCreate from Regular distribution, ESMF_LocStreamUTest.F90, line 1205
  PASS  Test ESMF_LocStreamCreate from Regular distribution, ESMF_LocStreamUTest.F90, line 1205
  PASS  Test ESMF_LocStreamCreate from Irregular distribution, ESMF_LocStreamUTest.F90, line 1358
  PASS  Test ESMF_LocStreamCreate from Irregular distribution, ESMF_LocStreamUTest.F90, line 1358
  PASS  Test ESMF_LocStreamCreate from Irregular distribution, ESMF_LocStreamUTest.F90, line 1358
  PASS  Test ESMF_LocStreamCreate from Irregular distribution, ESMF_LocStreamUTest.F90, line 1358
  PASS  Test ESMF_LocStream Create From Background Mesh, ESMF_LocStreamUTest.F90, line 1670
  PASS  Test ESMF_LocStream Create From Background Mesh, ESMF_LocStreamUTest.F90, line 1670
  PASS  Test ESMF_LocStream Create From Background Mesh, ESMF_LocStreamUTest.F90, line 1670
  PASS  Test ESMF_LocStream Create From Background Mesh, ESMF_LocStreamUTest.F90, line 1670
  PASS  Test ESMF_LocStream Create From Background Grid, ESMF_LocStreamUTest.F90, line 1686
  PASS  Test ESMF_LocStream Create From Background Grid, ESMF_LocStreamUTest.F90, line 1686
  PASS  Test ESMF_LocStream Create From Background Grid, ESMF_LocStreamUTest.F90, line 1686
  PASS  Test ESMF_LocStream Create From Background Grid, ESMF_LocStreamUTest.F90, line 1686
  PASS  Test ESMF_LocStream Create From Background Grid non-default Align, ESMF_LocStreamUTest.F90, line 1701
  PASS  Test ESMF_LocStream Create From Background Grid non-default Align, ESMF_LocStreamUTest.F90, line 1701
  PASS  Test ESMF_LocStream Create From Background Grid non-default Align, ESMF_LocStreamUTest.F90, line 1701
  PASS  Test ESMF_LocStream Create From Background Grid non-default Align, ESMF_LocStreamUTest.F90, line 1701
  PASS  Test ESMF_LocStream Create From Background Grid on Sphere, ESMF_LocStreamUTest.F90, line 1717
  PASS  Test ESMF_LocStream Create From Background Grid on Sphere, ESMF_LocStreamUTest.F90, line 1717
  PASS  Test ESMF_LocStream Create From Background Grid on Sphere, ESMF_LocStreamUTest.F90, line 1717
  PASS  Test ESMF_LocStream Create From Background Grid on Sphere, ESMF_LocStreamUTest.F90, line 1717
  Ending Test, file ESMF_LocStreamUTest.F90, line 1727
  Ending Test, file ESMF_LocStreamUTest.F90, line 1727
  Ending Test, file ESMF_LocStreamUTest.F90, line 1727
  Ending Test, file ESMF_LocStreamUTest.F90, line 1727
  PET           3  Test Elapsed Time    15.613000000000001       msec.
  PET           0  Test Elapsed Time    15.728000000000019       msec.
  PET           1  Test Elapsed Time    14.778999999999986       msec.
  PET           2  Test Elapsed Time    14.792000000000000       msec.
