build time -- 2022-06-07 05:57:15
 --------------------------------------- 
 Start of  System Test FieldBundleRedistBlk2Arb
 --------------------------------------- 
 --------------------------------------- 
 Start of  System Test FieldBundleRedistBlk2Arb
 --------------------------------------- 
 --------------------------------------- 
 Start of  System Test FieldBundleRedistBlk2Arb
 --------------------------------------- 
 --------------------------------------- 
 Start of  System Test FieldBundleRedistBlk2Arb
 --------------------------------------- 
 --------------------------------------- 
 Start of  System Test FieldBundleRedistBlk2Arb
 --------------------------------------- 
 --------------------------------------- 
 Start of  System Test FieldBundleRedistBlk2Arb
 --------------------------------------- 
[1654582423.071298] [h24c35:232630:0]         mxm.c:196  MXM  WARN  The 'ulimit -s' on the system is set to 'unlimited'. This may have negative performance implications. Please set the stack size to the default value (10240) 
[1654582423.076149] [h24c35:232630:0]         mxm.c:196  MXM  WARN  The 'ulimit -s' on the system is set to 'unlimited'. This may have negative performance implications. Please set the stack size to the default value (10240) 
[1654582423.043298] [h24c35:232632:0]         mxm.c:196  MXM  WARN  The 'ulimit -s' on the system is set to 'unlimited'. This may have negative performance implications. Please set the stack size to the default value (10240) 
[1654582423.048162] [h24c35:232632:0]         mxm.c:196  MXM  WARN  The 'ulimit -s' on the system is set to 'unlimited'. This may have negative performance implications. Please set the stack size to the default value (10240) 
[1654582423.073934] [h24c35:232628:0]         mxm.c:196  MXM  WARN  The 'ulimit -s' on the system is set to 'unlimited'. This may have negative performance implications. Please set the stack size to the default value (10240) 
[1654582423.078711] [h24c35:232628:0]         mxm.c:196  MXM  WARN  The 'ulimit -s' on the system is set to 'unlimited'. This may have negative performance implications. Please set the stack size to the default value (10240) 
[1654582423.084098] [h24c35:232629:0]         mxm.c:196  MXM  WARN  The 'ulimit -s' on the system is set to 'unlimited'. This may have negative performance implications. Please set the stack size to the default value (10240) 
[1654582423.089219] [h24c35:232629:0]         mxm.c:196  MXM  WARN  The 'ulimit -s' on the system is set to 'unlimited'. This may have negative performance implications. Please set the stack size to the default value (10240) 
[1654582423.084144] [h24c35:232631:0]         mxm.c:196  MXM  WARN  The 'ulimit -s' on the system is set to 'unlimited'. This may have negative performance implications. Please set the stack size to the default value (10240) 
[1654582423.089318] [h24c35:232631:0]         mxm.c:196  MXM  WARN  The 'ulimit -s' on the system is set to 'unlimited'. This may have negative performance implications. Please set the stack size to the default value (10240) 
[1654582423.081202] [h24c35:232633:0]         mxm.c:196  MXM  WARN  The 'ulimit -s' on the system is set to 'unlimited'. This may have negative performance implications. Please set the stack size to the default value (10240) 
[1654582423.086418] [h24c35:232633:0]         mxm.c:196  MXM  WARN  The 'ulimit -s' on the system is set to 'unlimited'. This may have negative performance implications. Please set the stack size to the default value (10240) 
 Create section finished
 Create section finished
 Create section finished
 Create section finished
 Create section finished
 Create section finished
 Initial data, before Redistribution:
 Init section finished
 Initial data, before Redistribution:
 Init section finished
 Initial data, before Redistribution:
 Init section finished
 Initial data, before Redistribution:
 Init section finished
 Initial data, before Redistribution:
 Init section finished
 Initial data, before Redistribution:
 Init section finished
 Array contents after Transpose:
 Array contents after Transpose:
 Array contents after Transpose:
 Array contents after Transpose:
 Array contents after Transpose:
 Array contents after Transpose:
 Array contents after second Redistribution, should match original:
 Run section finished
 -----------------------------------------------------------------
 -----------------------------------------------------------------
 Array contents after second Redistribution, should match original:
 Run section finished
 -----------------------------------------------------------------
 -----------------------------------------------------------------
 Result from PET number            3
 -----------------------------------------------------------------
 -----------------------------------------------------------------
 Array contents after second Redistribution, should match original:
 Run section finished
 -----------------------------------------------------------------
 -----------------------------------------------------------------
 Result from PET number            4
 -----------------------------------------------------------------
 -----------------------------------------------------------------
 Array contents after second Redistribution, should match original:
 Run section finished
 -----------------------------------------------------------------
 -----------------------------------------------------------------
 Result from PET number            5
 -----------------------------------------------------------------
 -----------------------------------------------------------------
 Array contents after second Redistribution, should match original:
 Run section finished
 -----------------------------------------------------------------
 -----------------------------------------------------------------
 Result from PET number            0
 -----------------------------------------------------------------
 -----------------------------------------------------------------
 Array contents matched correctly!! PET =            0
 Finalize section finished
 Array contents after second Redistribution, should match original:
 Run section finished
 -----------------------------------------------------------------
 -----------------------------------------------------------------
 Result from PET number            1
 -----------------------------------------------------------------
 -----------------------------------------------------------------
 Array contents matched correctly!! PET =            1
 Finalize section finished
 Result from PET number            2
 -----------------------------------------------------------------
 -----------------------------------------------------------------
 Array contents matched correctly!! PET =            2
 Finalize section finished
 Array contents matched correctly!! PET =            3
 Finalize section finished
 Array contents matched correctly!! PET =            4
 Finalize section finished
 Array contents matched correctly!! PET =            5
 Finalize section finished
 All Destroy routines done
  System Test FieldBundleRedistBlk2Arb                                                                                                                                                                                                                            complete.
 All Destroy routines done
  System Test FieldBundleRedistBlk2Arb                                                                                                                                                                                                                            complete.
 All Destroy routines done
  System Test FieldBundleRedistBlk2Arb                                                                                                                                                                                                                            complete.
 ------------------------------------------------------------
 ------------------------------------------------------------
 Test finished, localPet =            3
 ------------------------------------------------------------
 ------------------------------------------------------------
 
  System Test FieldBundleRedistBlk2Arb
  SUCCESS:  System Test FieldBundleRedistBlk2Arb finished correctly.
 
 All Destroy routines done
  System Test FieldBundleRedistBlk2Arb                                                                                                                                                                                                                            complete.
 ------------------------------------------------------------
 ------------------------------------------------------------
 Test finished, localPet =            4
 ------------------------------------------------------------
 ------------------------------------------------------------
 All Destroy routines done
  System Test FieldBundleRedistBlk2Arb                                                                                                                                                                                                                            complete.
 ------------------------------------------------------------
 ------------------------------------------------------------
 Test finished, localPet =            5
 ------------------------------------------------------------
 ------------------------------------------------------------
 
  System Test FieldBundleRedistBlk2Arb
  SUCCESS:  System Test FieldBundleRedistBlk2Arb finished correctly.
 
 ------------------------------------------------------------
 ------------------------------------------------------------
 Test finished, localPet =            0
 ------------------------------------------------------------
 ------------------------------------------------------------
  PASS  System Test FieldBundleRedistBlk2Arb, ESMF_FieldBundleRedistBlk2ArbSTest.F90, line 347
 
  System Test FieldBundleRedistBlk2Arb
  SUCCESS:  System Test FieldBundleRedistBlk2Arb finished correctly.
 
 All Destroy routines done
  System Test FieldBundleRedistBlk2Arb                                                                                                                                                                                                                            complete.
 ------------------------------------------------------------
 ------------------------------------------------------------
 Test finished, localPet =            1
 ------------------------------------------------------------
 ------------------------------------------------------------
  PASS  System Test FieldBundleRedistBlk2Arb, ESMF_FieldBundleRedistBlk2ArbSTest.F90, line 347
 
  System Test FieldBundleRedistBlk2Arb
  SUCCESS:  System Test FieldBundleRedistBlk2Arb finished correctly.
 
 ------------------------------------------------------------
 ------------------------------------------------------------
 Test finished, localPet =            2
 ------------------------------------------------------------
 ------------------------------------------------------------
  PASS  System Test FieldBundleRedistBlk2Arb, ESMF_FieldBundleRedistBlk2ArbSTest.F90, line 347
 
  System Test FieldBundleRedistBlk2Arb
  SUCCESS:  System Test FieldBundleRedistBlk2Arb finished correctly.
 
  PASS  System Test FieldBundleRedistBlk2Arb, ESMF_FieldBundleRedistBlk2ArbSTest.F90, line 347
  PASS  System Test FieldBundleRedistBlk2Arb, ESMF_FieldBundleRedistBlk2ArbSTest.F90, line 347
 
  System Test FieldBundleRedistBlk2Arb
  SUCCESS:  System Test FieldBundleRedistBlk2Arb finished correctly.
 
  PASS  System Test FieldBundleRedistBlk2Arb, ESMF_FieldBundleRedistBlk2ArbSTest.F90, line 347
