build time -- 2022-03-23 21:06:41
 --------------------------------------- 
 Start of  System Test FieldBundleRedistArb2Arb
 --------------------------------------- 
 --------------------------------------- 
 Start of  System Test FieldBundleRedistArb2Arb
 --------------------------------------- 
 --------------------------------------- 
 Start of  System Test FieldBundleRedistArb2Arb
 --------------------------------------- 
 --------------------------------------- 
 Start of  System Test FieldBundleRedistArb2Arb
 --------------------------------------- 
 Start of  System Test FieldBundleRedistArb2Arb
 --------------------------------------- 
 --------------------------------------- 
 --------------------------------------- 
 Start of  System Test FieldBundleRedistArb2Arb
 --------------------------------------- 
[1648070751.545896] [h23c47:10743:0]         mxm.c:196  MXM  WARN  The 'ulimit -s' on the system is set to 'unlimited'. This may have negative performance implications. Please set the stack size to the default value (10240) 
[1648070751.550928] [h23c47:10743:0]         mxm.c:196  MXM  WARN  The 'ulimit -s' on the system is set to 'unlimited'. This may have negative performance implications. Please set the stack size to the default value (10240) 
[1648070751.557540] [h23c47:10744:0]         mxm.c:196  MXM  WARN  The 'ulimit -s' on the system is set to 'unlimited'. This may have negative performance implications. Please set the stack size to the default value (10240) 
[1648070751.562503] [h23c47:10744:0]         mxm.c:196  MXM  WARN  The 'ulimit -s' on the system is set to 'unlimited'. This may have negative performance implications. Please set the stack size to the default value (10240) 
[1648070751.555777] [h23c47:10746:0]         mxm.c:196  MXM  WARN  The 'ulimit -s' on the system is set to 'unlimited'. This may have negative performance implications. Please set the stack size to the default value (10240) 
[1648070751.560734] [h23c47:10746:0]         mxm.c:196  MXM  WARN  The 'ulimit -s' on the system is set to 'unlimited'. This may have negative performance implications. Please set the stack size to the default value (10240) 
[1648070751.557053] [h23c47:10742:0]         mxm.c:196  MXM  WARN  The 'ulimit -s' on the system is set to 'unlimited'. This may have negative performance implications. Please set the stack size to the default value (10240) 
[1648070751.561981] [h23c47:10742:0]         mxm.c:196  MXM  WARN  The 'ulimit -s' on the system is set to 'unlimited'. This may have negative performance implications. Please set the stack size to the default value (10240) 
[1648070751.543603] [h23c47:10745:0]         mxm.c:196  MXM  WARN  The 'ulimit -s' on the system is set to 'unlimited'. This may have negative performance implications. Please set the stack size to the default value (10240) 
[1648070751.548650] [h23c47:10745:0]         mxm.c:196  MXM  WARN  The 'ulimit -s' on the system is set to 'unlimited'. This may have negative performance implications. Please set the stack size to the default value (10240) 
[1648070751.515825] [h23c47:10747:0]         mxm.c:196  MXM  WARN  The 'ulimit -s' on the system is set to 'unlimited'. This may have negative performance implications. Please set the stack size to the default value (10240) 
[1648070751.520900] [h23c47:10747:0]         mxm.c:196  MXM  WARN  The 'ulimit -s' on the system is set to 'unlimited'. This may have negative performance implications. Please set the stack size to the default value (10240) 
 Create section finished
 Create section finished
 Create section finished
 Create section finished
 Create section finished
 Create section finished
 Initial data, before Redistribution:
 Init section finished
 Initial data, before Redistribution:
 Init section finished
 Initial data, before Redistribution:
 Init section finished
 Initial data, before Redistribution:
 Init section finished
 Initial data, before Redistribution:
 Init section finished
 Initial data, before Redistribution:
 Init section finished
 Run ESMF_FieldBundleRedist :           0           0
 Run ESMF_FieldBundleRedist :           0           0
 Run ESMF_FieldBundleRedist :           0           0
 Run ESMF_FieldBundleRedist :           0           0
 Run ESMF_FieldBundleRedist :           0           0
 Run ESMF_FieldBundleRedist :           0           0
 Run ESMF_FieldBundleGetField :           0           0
 Array contents after Transpose:
 Run ESMF_FieldBundleGetField :           0           0
 Array contents after Transpose:
 Run ESMF_FieldBundleGetField :           0           0
 Array contents after Transpose:
 Run ESMF_FieldBundleGetField :           0           0
 Array contents after Transpose:
 Run ESMF_FieldBundleGetField :           0           0
 Array contents after Transpose:
 Run ESMF_FieldBundleGetField :           0           0
 Array contents after Transpose:
 Array contents after second Redistribution, should match original:
 Run section finished
 -----------------------------------------------------------------
 -----------------------------------------------------------------
 Array contents after second Redistribution, should match original:
 Run section finished
 -----------------------------------------------------------------
 -----------------------------------------------------------------
 Result from PET number            4
 -----------------------------------------------------------------
 -----------------------------------------------------------------
 Array contents after second Redistribution, should match original:
 Run section finished
 -----------------------------------------------------------------
 -----------------------------------------------------------------
 Result from PET number            5
 -----------------------------------------------------------------
 -----------------------------------------------------------------
 Array contents after second Redistribution, should match original:
 Run section finished
 -----------------------------------------------------------------
 -----------------------------------------------------------------
 Result from PET number            0
 -----------------------------------------------------------------
 -----------------------------------------------------------------
 Array contents after second Redistribution, should match original:
 Run section finished
 -----------------------------------------------------------------
 -----------------------------------------------------------------
 Result from PET number            1
 -----------------------------------------------------------------
 -----------------------------------------------------------------
 Result from PET number            2
 -----------------------------------------------------------------
 -----------------------------------------------------------------
 Array contents matched correctly!! PET =            2
 Finalize section finished
 Array contents after second Redistribution, should match original:
 Run section finished
 -----------------------------------------------------------------
 -----------------------------------------------------------------
 Result from PET number            3
 -----------------------------------------------------------------
 -----------------------------------------------------------------
 Array contents matched correctly!! PET =            3
 Finalize section finished
 Array contents matched correctly!! PET =            0
 Finalize section finished
 Array contents matched correctly!! PET =            1
 Finalize section finished
 Array contents matched correctly!! PET =            4
 Finalize section finished
 Array contents matched correctly!! PET =            5
 Finalize section finished
 All Destroy routines done
  System Test FieldBundleRedistArb2Arb                                                                                                                                                                                                                            complete.
 All Destroy routines done
  System Test FieldBundleRedistArb2Arb                                                                                                                                                                                                                            complete.
 
  System Test FieldBundleRedistArb2Arb
  SUCCESS:  System Test FieldBundleRedistArb2Arb finished correctly.
 
 
  System Test FieldBundleRedistArb2Arb
  SUCCESS:  System Test FieldBundleRedistArb2Arb finished correctly.
 
 All Destroy routines done
  System Test FieldBundleRedistArb2Arb                                                                                                                                                                                                                            complete.
 ------------------------------------------------------------
 ------------------------------------------------------------
 Test finished, localPet =            5
 ------------------------------------------------------------
 ------------------------------------------------------------
 All Destroy routines done
  System Test FieldBundleRedistArb2Arb                                                                                                                                                                                                                            complete.
 ------------------------------------------------------------
 ------------------------------------------------------------
 Test finished, localPet =            0
 ------------------------------------------------------------
 ------------------------------------------------------------
 
  System Test FieldBundleRedistArb2Arb
  SUCCESS:  System Test FieldBundleRedistArb2Arb finished correctly.
 
 All Destroy routines done
  System Test FieldBundleRedistArb2Arb                                                                                                                                                                                                                            complete.
 ------------------------------------------------------------
 ------------------------------------------------------------
 Test finished, localPet =            1
 ------------------------------------------------------------
 ------------------------------------------------------------
 
  System Test FieldBundleRedistArb2Arb
  SUCCESS:  System Test FieldBundleRedistArb2Arb finished correctly.
 
 ------------------------------------------------------------
 ------------------------------------------------------------
 Test finished, localPet =            2
 ------------------------------------------------------------
 ------------------------------------------------------------
  PASS  System Test FieldBundleRedistArb2Arb, ESMF_FieldBundleRedistArb2ArbSTest.F90, line 368
 All Destroy routines done
  System Test FieldBundleRedistArb2Arb                                                                                                                                                                                                                            complete.
 ------------------------------------------------------------
 ------------------------------------------------------------
 Test finished, localPet =            3
 ------------------------------------------------------------
 ------------------------------------------------------------
  PASS  System Test FieldBundleRedistArb2Arb, ESMF_FieldBundleRedistArb2ArbSTest.F90, line 368
 
  System Test FieldBundleRedistArb2Arb
  SUCCESS:  System Test FieldBundleRedistArb2Arb finished correctly.
 
 ------------------------------------------------------------
 ------------------------------------------------------------
 Test finished, localPet =            4
 ------------------------------------------------------------
 ------------------------------------------------------------
  PASS  System Test FieldBundleRedistArb2Arb, ESMF_FieldBundleRedistArb2ArbSTest.F90, line 368
 
  System Test FieldBundleRedistArb2Arb
  SUCCESS:  System Test FieldBundleRedistArb2Arb finished correctly.
 
  PASS  System Test FieldBundleRedistArb2Arb, ESMF_FieldBundleRedistArb2ArbSTest.F90, line 368
  PASS  System Test FieldBundleRedistArb2Arb, ESMF_FieldBundleRedistArb2ArbSTest.F90, line 368
  PASS  System Test FieldBundleRedistArb2Arb, ESMF_FieldBundleRedistArb2ArbSTest.F90, line 368
