build time -- 2022-05-27 05:38:24.879544
  Beginning Test, file ESMF_InitMacrosUTest.F90, line 78
  NUMBER_OF_PROCESSORS           4
  PASS  Testing ESMF_INIT_CHECK_SET_SHALLOW, ESMF_InitMacrosUTest.F90, line 89
  Beginning Test, file ESMF_InitMacrosUTest.F90, line 78
  NUMBER_OF_PROCESSORS           4
  PASS  Testing ESMF_INIT_CHECK_SET_SHALLOW, ESMF_InitMacrosUTest.F90, line 89
  Beginning Test, file ESMF_InitMacrosUTest.F90, line 78
  NUMBER_OF_PROCESSORS           4
  PASS  Testing ESMF_INIT_CHECK_SET_SHALLOW, ESMF_InitMacrosUTest.F90, line 89
  Beginning Test, file ESMF_InitMacrosUTest.F90, line 78
  NUMBER_OF_PROCESSORS           4
  PASS  Testing ESMF_INIT_CHECK_SET_SHALLOW, ESMF_InitMacrosUTest.F90, line 89
  PASS  Testing undefined object in ESMF_INIT_CHECK_DEEP, ESMF_InitMacrosUTest.F90, line 99
  PASS  Testing created object in ESMF_INIT_CHECK_DEEP, ESMF_InitMacrosUTest.F90, line 108
  PASS  Testing deleted object in ESMF_INIT_CHECK_DEEP, ESMF_InitMacrosUTest.F90, line 117
  PASS  Testing undefined object in ESMF_INIT_CHECK_DEEP, ESMF_InitMacrosUTest.F90, line 99
  PASS  Testing created object in ESMF_INIT_CHECK_DEEP, ESMF_InitMacrosUTest.F90, line 108
  PASS  Testing undefined object in ESMF_INIT_CHECK_DEEP, ESMF_InitMacrosUTest.F90, line 99
  PASS  Testing created object in ESMF_INIT_CHECK_DEEP, ESMF_InitMacrosUTest.F90, line 108
  Ending Test, file ESMF_InitMacrosUTest.F90, line 127
  PASS  Testing undefined object in ESMF_INIT_CHECK_DEEP, ESMF_InitMacrosUTest.F90, line 99
  PASS  Testing created object in ESMF_INIT_CHECK_DEEP, ESMF_InitMacrosUTest.F90, line 108
  PASS  Testing deleted object in ESMF_INIT_CHECK_DEEP, ESMF_InitMacrosUTest.F90, line 117
  PASS  Testing deleted object in ESMF_INIT_CHECK_DEEP, ESMF_InitMacrosUTest.F90, line 117
  Ending Test, file ESMF_InitMacrosUTest.F90, line 127
  Ending Test, file ESMF_InitMacrosUTest.F90, line 127
  PASS  Testing deleted object in ESMF_INIT_CHECK_DEEP, ESMF_InitMacrosUTest.F90, line 117
  Ending Test, file ESMF_InitMacrosUTest.F90, line 127
  PET           0  Test Elapsed Time    2.5239999999999982       msec.
  PET           3  Test Elapsed Time    2.7660000000000045       msec.
  PET           1  Test Elapsed Time    2.8139999999999969       msec.
  PET           2  Test Elapsed Time    2.8269999999999964       msec.
