build time -- 2022-04-02 04:39:37
  Beginning Test, file ESMF_AttributeUpdateReconcileUTest.F90, line 383
  NUMBER_OF_PROCESSORS           2
  Beginning Test, file ESMF_AttributeUpdateReconcileUTest.F90, line 383
  NUMBER_OF_PROCESSORS           2
  PASS  PET            0 : Getting an updated Attribute value from a Component t
 est: value = doodle, ESMF_AttributeUpdateReconcileUTest.F90, line 476
  PASS  PET            1 : Getting an updated Attribute value from a Component t
 est: value = doodle, ESMF_AttributeUpdateReconcileUTest.F90, line 476
  PASS  PET            0 : Getting an updated Attribute value from a Component t
 est: value = doodle, ESMF_AttributeUpdateReconcileUTest.F90, line 491
  PASS  PET            1 : Getting an updated Attribute value from a Component t
 est: value = doodle, ESMF_AttributeUpdateReconcileUTest.F90, line 491
  Ending Test, file ESMF_AttributeUpdateReconcileUTest.F90, line 515
  Ending Test, file ESMF_AttributeUpdateReconcileUTest.F90, line 515
  PET           0  Test Elapsed Time    3.52500000000000       msec.
  PET           1  Test Elapsed Time    3.42500000000000       msec.
