build time -- 2022-04-18 01:38:48.510125
Beginning Test, file ESMC_BaseUTest.C, line 143
Beginning Test, file ESMC_BaseUTest.C, line 143NUMBER_OF_PROCESSORS 4
Beginning Test, file ESMC_BaseUTest.C, line 143
Beginning Test, file ESMC_BaseUTest.C, line 143NUMBER_OF_PROCESSORS 4
Beginning Test, file ESMC_BaseUTest.C, line 143
Beginning Test, file ESMC_BaseUTest.C, line 143NUMBER_OF_PROCESSORS 4
Beginning Test, file ESMC_BaseUTest.C, line 143
Beginning Test, file ESMC_BaseUTest.C, line 143NUMBER_OF_PROCESSORS 4
PASS testSerializeDeserialize, ESMC_BaseUTest.C, line 150
Ending Test, file ESMC_BaseUTest.C, line 154
PASS testSerializeDeserialize, ESMC_BaseUTest.C, line 150
Ending Test, file ESMC_BaseUTest.C, line 154
PASS testSerializeDeserialize, ESMC_BaseUTest.C, line 150
Ending Test, file ESMC_BaseUTest.C, line 154
PASS testSerializeDeserialize, ESMC_BaseUTest.C, line 150
Ending Test, file ESMC_BaseUTest.C, line 154
Ending Test, file ESMC_BaseUTest.C, line 154 PET 0 Test Elapsed Time 2.59 msec.
Ending Test, file ESMC_BaseUTest.C, line 154 PET 1 Test Elapsed Time 2.572 msec.
Ending Test, file ESMC_BaseUTest.C, line 154 PET 2 Test Elapsed Time 2.532 msec.
Ending Test, file ESMC_BaseUTest.C, line 154 PET 3 Test Elapsed Time 2.512 msec.
