build time -- 2022-06-07 01:11:45.217486
Name: gridcomp	  Convention: customconvention2	  Purpose: custompurpose2	


