build time -- 2022-04-23 03:00:02.020413
Name: field	  Convention: customconvention2	  Purpose: custompurpose2	

Custom1	Custom2	Custom3	
         	         	         	
