build time -- 2022-05-14 06:05:46
Name: LocStream002	  Convention: customconvention2	  Purpose: custompurpose2	

Custom1	Custom2	Custom3	
