build time -- 2022-06-01 01:27:34
  Beginning Test, file ESMF_VMAccUTest.F90, line 52
  NUMBER_OF_PROCESSORS           4
  PASS  Test getting the number of accelerator devices, ESMF_VMAccUTest.F90, lin
 e 72
  Ending Test, file ESMF_VMAccUTest.F90, line 76
  Beginning Test, file ESMF_VMAccUTest.F90, line 52
  NUMBER_OF_PROCESSORS           4
  PASS  Test getting the number of accelerator devices, ESMF_VMAccUTest.F90, lin
 e 72
  Ending Test, file ESMF_VMAccUTest.F90, line 76
  PET           1  Test Elapsed Time   0.438000000000001       msec.
  Beginning Test, file ESMF_VMAccUTest.F90, line 52
  NUMBER_OF_PROCESSORS           4
  PASS  Test getting the number of accelerator devices, ESMF_VMAccUTest.F90, lin
 e 72
  Ending Test, file ESMF_VMAccUTest.F90, line 76
  PET           2  Test Elapsed Time   0.494000000000001       msec.
  Beginning Test, file ESMF_VMAccUTest.F90, line 52
  NUMBER_OF_PROCESSORS           4
  PASS  Test getting the number of accelerator devices, ESMF_VMAccUTest.F90, lin
 e 72
  Ending Test, file ESMF_VMAccUTest.F90, line 76
  PET           3  Test Elapsed Time   0.433000000000001       msec.
  PET           0  Test Elapsed Time   0.438000000000001       msec.
