build time -- 2022-05-20 02:35:29
Name: fieldbundle	  Convention: customconvention2	  Purpose: custompurpose2	


