build time -- 2022-03-06 06:10:54
[1646547628.862403] [h10c08:219343:0]         mxm.c:196  MXM  WARN  The 'ulimit -s' on the system is set to 'unlimited'. This may have negative performance implications. Please set the stack size to the default value (10240) 
[1646547628.867654] [h10c08:219343:0]         mxm.c:196  MXM  WARN  The 'ulimit -s' on the system is set to 'unlimited'. This may have negative performance implications. Please set the stack size to the default value (10240) 
[1646547628.876236] [h10c08:219340:0]         mxm.c:196  MXM  WARN  The 'ulimit -s' on the system is set to 'unlimited'. This may have negative performance implications. Please set the stack size to the default value (10240) 
[1646547628.881241] [h10c08:219340:0]         mxm.c:196  MXM  WARN  The 'ulimit -s' on the system is set to 'unlimited'. This may have negative performance implications. Please set the stack size to the default value (10240) 
[1646547628.875459] [h10c08:219342:0]         mxm.c:196  MXM  WARN  The 'ulimit -s' on the system is set to 'unlimited'. This may have negative performance implications. Please set the stack size to the default value (10240) 
[1646547628.880422] [h10c08:219342:0]         mxm.c:196  MXM  WARN  The 'ulimit -s' on the system is set to 'unlimited'. This may have negative performance implications. Please set the stack size to the default value (10240) 
[1646547628.876171] [h10c08:219344:0]         mxm.c:196  MXM  WARN  The 'ulimit -s' on the system is set to 'unlimited'. This may have negative performance implications. Please set the stack size to the default value (10240) 
[1646547628.881148] [h10c08:219344:0]         mxm.c:196  MXM  WARN  The 'ulimit -s' on the system is set to 'unlimited'. This may have negative performance implications. Please set the stack size to the default value (10240) 
[1646547628.862962] [h10c08:219341:0]         mxm.c:196  MXM  WARN  The 'ulimit -s' on the system is set to 'unlimited'. This may have negative performance implications. Please set the stack size to the default value (10240) 
[1646547628.868533] [h10c08:219341:0]         mxm.c:196  MXM  WARN  The 'ulimit -s' on the system is set to 'unlimited'. This may have negative performance implications. Please set the stack size to the default value (10240) 
[1646547628.862409] [h10c08:219345:0]         mxm.c:196  MXM  WARN  The 'ulimit -s' on the system is set to 'unlimited'. This may have negative performance implications. Please set the stack size to the default value (10240) 
[1646547628.867601] [h10c08:219345:0]         mxm.c:196  MXM  WARN  The 'ulimit -s' on the system is set to 'unlimited'. This may have negative performance implications. Please set the stack size to the default value (10240) 
Beginning Test, file ESMC_MeshVTKUTest.C, line 63
Beginning Test, file ESMC_MeshVTKUTest.C, line 63NUMBER_OF_PROCESSORS 6
Beginning Test, file ESMC_MeshVTKUTest.C, line 63
Beginning Test, file ESMC_MeshVTKUTest.C, line 63NUMBER_OF_PROCESSORS 6
Beginning Test, file ESMC_MeshVTKUTest.C, line 63
Beginning Test, file ESMC_MeshVTKUTest.C, line 63NUMBER_OF_PROCESSORS 6
Beginning Test, file ESMC_MeshVTKUTest.C, line 63
Beginning Test, file ESMC_MeshVTKUTest.C, line 63NUMBER_OF_PROCESSORS 6
PASS MeshCreate, ESMC_MeshVTKUTest.C, line 80
Beginning Test, file ESMC_MeshVTKUTest.C, line 63
Beginning Test, file ESMC_MeshVTKUTest.C, line 63NUMBER_OF_PROCESSORS 6
Beginning Test, file ESMC_MeshVTKUTest.C, line 63
Beginning Test, file ESMC_MeshVTKUTest.C, line 63NUMBER_OF_PROCESSORS 6
PASS MeshCreate, ESMC_MeshVTKUTest.C, line 80
PASS MeshCreate, ESMC_MeshVTKUTest.C, line 80
PASS MeshCreate, ESMC_MeshVTKUTest.C, line 80
PASS MeshCreate, ESMC_MeshVTKUTest.C, line 80
PASS MeshCreate, ESMC_MeshVTKUTest.C, line 80
PASS MeshVTKHeader, ESMC_MeshVTKUTest.C, line 89
PASS MeshVTKHeader, ESMC_MeshVTKUTest.C, line 89
PASS MeshVTKHeader, ESMC_MeshVTKUTest.C, line 89
PASS MeshVTKHeader, ESMC_MeshVTKUTest.C, line 89
PASS MeshVTKHeader, ESMC_MeshVTKUTest.C, line 110
PASS MeshVTKHeader, ESMC_MeshVTKUTest.C, line 89
PASS MeshVTKHeader, ESMC_MeshVTKUTest.C, line 110
PASS MeshVTKHeader, ESMC_MeshVTKUTest.C, line 89
PASS MeshVTKHeader, ESMC_MeshVTKUTest.C, line 110
PASS MeshVTKHeader, ESMC_MeshVTKUTest.C, line 110
PASS MeshVTKHeader, ESMC_MeshVTKUTest.C, line 110
PASS MeshVTKHeader, ESMC_MeshVTKUTest.C, line 110
PASS MeshVTKBody, ESMC_MeshVTKUTest.C, line 129
PASS MeshVTKBody, ESMC_MeshVTKUTest.C, line 129
PASS MeshVTKBody, ESMC_MeshVTKUTest.C, line 129
PASS MeshVTKBody, ESMC_MeshVTKUTest.C, line 129
PASS MeshVTKBody, ESMC_MeshVTKUTest.C, line 129
PASS MeshAddNodes, ESMC_MeshVTKUTest.C, line 158
PASS MeshGetLocalNodeCount, ESMC_MeshVTKUTest.C, line 178
PASS MeshVTKBody, ESMC_MeshVTKUTest.C, line 129
PASS MeshAddNodes, ESMC_MeshVTKUTest.C, line 158
PASS MeshGetLocalNodeCount, ESMC_MeshVTKUTest.C, line 178
PASS MeshAddNodes, ESMC_MeshVTKUTest.C, line 158
PASS MeshAddNodes, ESMC_MeshVTKUTest.C, line 158
PASS MeshGetLocalNodeCount, ESMC_MeshVTKUTest.C, line 178
PASS MeshGetLocalNodeCount, ESMC_MeshVTKUTest.C, line 178
PASS MeshAddNodes, ESMC_MeshVTKUTest.C, line 158
PASS MeshGetLocalNodeCount, ESMC_MeshVTKUTest.C, line 178
PASS MeshAddNodes, ESMC_MeshVTKUTest.C, line 158
PASS MeshGetLocalNodeCount, ESMC_MeshVTKUTest.C, line 178
PASS MeshAddElements, ESMC_MeshVTKUTest.C, line 187
PASS MeshGetLocalElementCount, ESMC_MeshVTKUTest.C, line 207
PASS MeshGetOwnedElementCount, ESMC_MeshVTKUTest.C, line 228
PASS MeshGetOwnedNodeCount, ESMC_MeshVTKUTest.C, line 249
PASS MeshAddElements, ESMC_MeshVTKUTest.C, line 187
PASS MeshGetLocalElementCount, ESMC_MeshVTKUTest.C, line 207
PASS MeshGetOwnedElementCount, ESMC_MeshVTKUTest.C, line 228
PASS MeshGetOwnedNodeCount, ESMC_MeshVTKUTest.C, line 249
PASS MeshAddElements, ESMC_MeshVTKUTest.C, line 187
PASS MeshGetLocalElementCount, ESMC_MeshVTKUTest.C, line 207
PASS MeshGetOwnedElementCount, ESMC_MeshVTKUTest.C, line 228
PASS MeshGetOwnedNodeCount, ESMC_MeshVTKUTest.C, line 249
PASS MeshAddElements, ESMC_MeshVTKUTest.C, line 187
PASS MeshGetLocalElementCount, ESMC_MeshVTKUTest.C, line 207
PASS MeshGetOwnedElementCount, ESMC_MeshVTKUTest.C, line 228
PASS MeshGetOwnedNodeCount, ESMC_MeshVTKUTest.C, line 249
PASS MeshAddElements, ESMC_MeshVTKUTest.C, line 187
PASS MeshGetLocalElementCount, ESMC_MeshVTKUTest.C, line 207
PASS MeshGetOwnedElementCount, ESMC_MeshVTKUTest.C, line 228
PASS MeshGetOwnedNodeCount, ESMC_MeshVTKUTest.C, line 249
PASS MeshAddElements, ESMC_MeshVTKUTest.C, line 187
PASS MeshGetLocalElementCount, ESMC_MeshVTKUTest.C, line 207
PASS MeshGetOwnedElementCount, ESMC_MeshVTKUTest.C, line 228
PASS MeshGetOwnedNodeCount, ESMC_MeshVTKUTest.C, line 249
PASS MeshWrite, ESMC_MeshVTKUTest.C, line 269
PASS MeshWrite, ESMC_MeshVTKUTest.C, line 269
PASS MeshFreeMemory, ESMC_MeshVTKUTest.C, line 279
PASS MeshDestroy, ESMC_MeshVTKUTest.C, line 288
Ending Test, file ESMC_MeshVTKUTest.C, line 301
PASS MeshWrite, ESMC_MeshVTKUTest.C, line 269
PASS MeshFreeMemory, ESMC_MeshVTKUTest.C, line 279
PASS MeshDestroy, ESMC_MeshVTKUTest.C, line 288
Ending Test, file ESMC_MeshVTKUTest.C, line 301
PASS MeshFreeMemory, ESMC_MeshVTKUTest.C, line 279
PASS MeshDestroy, ESMC_MeshVTKUTest.C, line 288
Ending Test, file ESMC_MeshVTKUTest.C, line 301
PASS MeshWrite, ESMC_MeshVTKUTest.C, line 269
PASS MeshFreeMemory, ESMC_MeshVTKUTest.C, line 279
PASS MeshDestroy, ESMC_MeshVTKUTest.C, line 288
PASS MeshWrite, ESMC_MeshVTKUTest.C, line 269
Ending Test, file ESMC_MeshVTKUTest.C, line 301
PASS MeshFreeMemory, ESMC_MeshVTKUTest.C, line 279
PASS MeshDestroy, ESMC_MeshVTKUTest.C, line 288
Ending Test, file ESMC_MeshVTKUTest.C, line 301
PASS MeshWrite, ESMC_MeshVTKUTest.C, line 269
PASS MeshFreeMemory, ESMC_MeshVTKUTest.C, line 279
PASS MeshDestroy, ESMC_MeshVTKUTest.C, line 288
Ending Test, file ESMC_MeshVTKUTest.C, line 301
Ending Test, file ESMC_MeshVTKUTest.C, line 301 PET 2 Test Elapsed Time -938.674 msec.
Ending Test, file ESMC_MeshVTKUTest.C, line 301 PET 4 Test Elapsed Time -937.769 msec.
Ending Test, file ESMC_MeshVTKUTest.C, line 301 PET 0 Test Elapsed Time -938.522 msec.
Ending Test, file ESMC_MeshVTKUTest.C, line 301 PET 1 Test Elapsed Time -938.077 msec.
Ending Test, file ESMC_MeshVTKUTest.C, line 301 PET 3 Test Elapsed Time -937.956 msec.
Ending Test, file ESMC_MeshVTKUTest.C, line 301 PET 5 Test Elapsed Time -938.155 msec.
