build time -- 2022-05-27 05:25:02.275116
  Beginning Test, file ESMF_ArrayGatherUTest.F90, line 54
  NUMBER_OF_PROCESSORS           4
  Beginning Test, file ESMF_ArrayGatherUTest.F90, line 54
  NUMBER_OF_PROCESSORS           4
  Beginning Test, file ESMF_ArrayGatherUTest.F90, line 54
  NUMBER_OF_PROCESSORS           4
  Beginning Test, file ESMF_ArrayGatherUTest.F90, line 54
  NUMBER_OF_PROCESSORS           4
  PASS  ArrayGather 1d test, contiguous Array, ESMF_ArrayGatherUTest.F90, line 68
  PASS  ArrayGather 1d test, contiguous Array, ESMF_ArrayGatherUTest.F90, line 68
  PASS  ArrayGather 1d test, contiguous Array, ESMF_ArrayGatherUTest.F90, line 68
  PASS  ArrayGather 1d test, contiguous Array, ESMF_ArrayGatherUTest.F90, line 68
  PASS  ArrayGather 1d test, non-contiguous Array, ESMF_ArrayGatherUTest.F90, line 77
  PASS  ArrayGather 1d test, non-contiguous Array, ESMF_ArrayGatherUTest.F90, line 77
  PASS  ArrayGather 1d test, non-contiguous Array, ESMF_ArrayGatherUTest.F90, line 77
  PASS  ArrayGather 1d test, non-contiguous Array, ESMF_ArrayGatherUTest.F90, line 77
  PASS  ArrayGather 1d test, contiguous Array, deBlockList DistGrid, ESMF_ArrayGatherUTest.F90, line 86
  PASS  ArrayGather 1d test, contiguous Array, deBlockList DistGrid, ESMF_ArrayGatherUTest.F90, line 86
  PASS  ArrayGather 1d test, contiguous Array, deBlockList DistGrid, ESMF_ArrayGatherUTest.F90, line 86
  PASS  ArrayGather 1d test, contiguous Array, deBlockList DistGrid, ESMF_ArrayGatherUTest.F90, line 86
  PASS  ArrayGather 1d test, non-contiguous Array, deBlockList DistGrid, ESMF_ArrayGatherUTest.F90, line 95
  PASS  ArrayGather 1d test, non-contiguous Array, deBlockList DistGrid, ESMF_ArrayGatherUTest.F90, line 95
  PASS  ArrayGather 1d test, non-contiguous Array, deBlockList DistGrid, ESMF_ArrayGatherUTest.F90, line 95
  PASS  ArrayGather 1d test, non-contiguous Array, deBlockList DistGrid, ESMF_ArrayGatherUTest.F90, line 95
  PASS  ArrayGather 2d test, contiguous Array, ESMF_ArrayGatherUTest.F90, line 103
  PASS  ArrayGather 2d test, contiguous Array, ESMF_ArrayGatherUTest.F90, line 103
  PASS  ArrayGather 2d test, contiguous Array, ESMF_ArrayGatherUTest.F90, line 103
  PASS  ArrayGather 2d test, contiguous Array, ESMF_ArrayGatherUTest.F90, line 103
  PASS  ArrayGather 2d test, non-contiguous Array, ESMF_ArrayGatherUTest.F90, line 111
  PASS  ArrayGather 2d test, non-contiguous Array, ESMF_ArrayGatherUTest.F90, line 111
  PASS  ArrayGather 2d test, non-contiguous Array, ESMF_ArrayGatherUTest.F90, line 111
  PASS  ArrayGather 2d test, non-contiguous Array, ESMF_ArrayGatherUTest.F90, line 111
  PASS  ArrayGather 3d test, contiguous Array, ESMF_ArrayGatherUTest.F90, line 119
  PASS  ArrayGather 3d test, contiguous Array, ESMF_ArrayGatherUTest.F90, line 119
  PASS  ArrayGather 3d test, contiguous Array, ESMF_ArrayGatherUTest.F90, line 119
  PASS  ArrayGather 3d test, contiguous Array, ESMF_ArrayGatherUTest.F90, line 119
  PASS  ArrayGather 3d test, non-contiguous Array, ESMF_ArrayGatherUTest.F90, line 127
  Ending Test, file ESMF_ArrayGatherUTest.F90, line 129
  PASS  ArrayGather 3d test, non-contiguous Array, ESMF_ArrayGatherUTest.F90, line 127
  Ending Test, file ESMF_ArrayGatherUTest.F90, line 129
  PASS  ArrayGather 3d test, non-contiguous Array, ESMF_ArrayGatherUTest.F90, line 127
  Ending Test, file ESMF_ArrayGatherUTest.F90, line 129
  PASS  ArrayGather 3d test, non-contiguous Array, ESMF_ArrayGatherUTest.F90, line 127
  Ending Test, file ESMF_ArrayGatherUTest.F90, line 129
  PET           0  Test Elapsed Time    24.288000000000004       msec.
  PET           1  Test Elapsed Time    24.137999999999991       msec.
  PET           3  Test Elapsed Time    24.154999999999998       msec.
  PET           2  Test Elapsed Time    24.003999999999998       msec.
[mpiexec@i040.cgd.ucar.edu] HYDT_bscd_pbs_wait_for_completion (tools/bootstrap/external/pbs_wait.c:66): tm_poll(obit_event) failed with TM error 17002
[mpiexec@i040.cgd.ucar.edu] HYDT_bsci_wait_for_completion (tools/bootstrap/src/bsci_wait.c:23): launcher returned error waiting for completion
[mpiexec@i040.cgd.ucar.edu] HYD_pmci_wait_for_completion (pm/pmiserv/pmiserv_pmci.c:218): launcher returned error waiting for completion
[mpiexec@i040.cgd.ucar.edu] main (ui/mpich/mpiexec.c:340): process manager error waiting for completion
