build time -- 2022-03-09 06:30:38.620856
  Beginning Test, file ESMF_FieldMeshSMMUTest.F90, line 54
  Beginning Test, file ESMF_FieldMeshSMMUTest.F90, line 54
  NUMBER_OF_PROCESSORS           4
  NUMBER_OF_PROCESSORS           4
  Beginning Test, file ESMF_FieldMeshSMMUTest.F90, line 54
  NUMBER_OF_PROCESSORS           4
  Beginning Test, file ESMF_FieldMeshSMMUTest.F90, line 54
  NUMBER_OF_PROCESSORS           4
  PASS  FieldMeshSMM test using localPet for both src and dst, with halos, ESMF_
 FieldMeshSMMUTest.F90, line 68
  PASS  FieldMeshSMM test using localPet for both src and dst, with halos, ESMF_
 FieldMeshSMMUTest.F90, line 68
  PASS  FieldMeshSMM test using localPet for both src and dst, with halos, ESMF_
 FieldMeshSMMUTest.F90, line 68
  PASS  FieldMeshSMM test using localPet for both src and dst, with halos, ESMF_
 FieldMeshSMMUTest.F90, line 68
  Ending Test, file ESMF_FieldMeshSMMUTest.F90, line 71
  Ending Test, file ESMF_FieldMeshSMMUTest.F90, line 71
  Ending Test, file ESMF_FieldMeshSMMUTest.F90, line 71
  Ending Test, file ESMF_FieldMeshSMMUTest.F90, line 71
  PET           0  Test Elapsed Time    9.20200000000000       msec.
  PET           1  Test Elapsed Time    9.24100000000000       msec.
  PET           2  Test Elapsed Time    9.18900000000000       msec.
  PET           3  Test Elapsed Time    9.26800000000000       msec.
