build time -- 2022-05-29 01:19:37.535819
srun: cluster configuration lacks support for cpu binding
  Beginning Test, file ESMF_TraceClkMonoUTest.F90, line 63
  Beginning Test, file ESMF_TraceClkMonoUTest.F90, line 63
  NUMBER_OF_PROCESSORS           4
  Beginning Test, file ESMF_TraceClkMonoUTest.F90, line 63
  NUMBER_OF_PROCESSORS           4
  Beginning Test, file ESMF_TraceClkMonoUTest.F90, line 63
  NUMBER_OF_PROCESSORS           4
  PASS  Test trace user region enter, ESMF_TraceClkMonoUTest.F90, line 79
  PASS  Test trace user region exit, ESMF_TraceClkMonoUTest.F90, line 87
  PASS  Test trace user region enter, ESMF_TraceClkMonoUTest.F90, line 79
  PASS  Test trace user region exit, ESMF_TraceClkMonoUTest.F90, line 87
  PASS  Test trace user region enter, ESMF_TraceClkMonoUTest.F90, line 79
  PASS  Test trace user region exit, ESMF_TraceClkMonoUTest.F90, line 87
  NUMBER_OF_PROCESSORS           4
  PASS  Test trace memory usage, ESMF_TraceClkMonoUTest.F90, line 95
  PASS  Test trace memory usage, ESMF_TraceClkMonoUTest.F90, line 95
  PASS  Test trace memory usage, ESMF_TraceClkMonoUTest.F90, line 95
  PASS  Test trace user region enter, ESMF_TraceClkMonoUTest.F90, line 79
  PASS  Test trace user region exit, ESMF_TraceClkMonoUTest.F90, line 87
  PASS  Test trace memory usage, ESMF_TraceClkMonoUTest.F90, line 95
  PASS  Close trace, ESMF_TraceClkMonoUTest.F90, line 106
  PASS  Close trace, ESMF_TraceClkMonoUTest.F90, line 106
  PASS  Close trace, ESMF_TraceClkMonoUTest.F90, line 106
  PASS  Close trace, ESMF_TraceClkMonoUTest.F90, line 106
  PASS  Verify trace metadata exists, ESMF_TraceClkMonoUTest.F90, line 134
  PASS  Read trace metadata file, ESMF_TraceClkMonoUTest.F90, line 153
  PASS  Verify trace metadata exists, ESMF_TraceClkMonoUTest.F90, line 134
  PASS  Verify trace metadata exists, ESMF_TraceClkMonoUTest.F90, line 134
  PASS  Read trace metadata file, ESMF_TraceClkMonoUTest.F90, line 153
  PASS  Verify trace metadata exists, ESMF_TraceClkMonoUTest.F90, line 134
  PASS  Validate trace metadata header, ESMF_TraceClkMonoUTest.F90, line 164
 Attempt to open trace file: traceout/esmf_stream_0001
  PASS  Read trace metadata file, ESMF_TraceClkMonoUTest.F90, line 153
  PASS  Validate trace metadata header, ESMF_TraceClkMonoUTest.F90, line 164
  PASS  Validate trace metadata header, ESMF_TraceClkMonoUTest.F90, line 164
 Attempt to open trace file: traceout/esmf_stream_0003
  PASS  Verify trace stream file exists, ESMF_TraceClkMonoUTest.F90, line 181
 Attempt to open trace file: traceout/esmf_stream_0002
  PASS  Verify trace stream file exists, ESMF_TraceClkMonoUTest.F90, line 181
  PASS  Read trace metadata file, ESMF_TraceClkMonoUTest.F90, line 153
  PASS  Verify trace stream file exists, ESMF_TraceClkMonoUTest.F90, line 181
  Ending Test, file ESMF_TraceClkMonoUTest.F90, line 187
  PASS  Validate trace metadata header, ESMF_TraceClkMonoUTest.F90, line 162
  Ending Test, file ESMF_TraceClkMonoUTest.F90, line 187
  Ending Test, file ESMF_TraceClkMonoUTest.F90, line 187
 Attempt to open trace file: traceout/esmf_stream_0000
  PASS  Verify trace stream file exists, ESMF_TraceClkMonoUTest.F90, line 181
  Ending Test, file ESMF_TraceClkMonoUTest.F90, line 187
  PET           2  Test Elapsed Time    5008.22000000000       msec.
  PET           3  Test Elapsed Time    5011.20900000000       msec.
  PET           0  Test Elapsed Time    5004.89900000000       msec.
  PET           1  Test Elapsed Time    5010.03500000000       msec.
