build time -- 2022-04-15 00:44:27
Beginning Test, file ESMC_MeshVTKUTest.C, line 63
Beginning Test, file ESMC_MeshVTKUTest.C, line 63NUMBER_OF_PROCESSORS 6
PASS MeshCreate, ESMC_MeshVTKUTest.C, line 80
PASS MeshVTKHeader, ESMC_MeshVTKUTest.C, line 89
PASS MeshVTKHeader, ESMC_MeshVTKUTest.C, line 110
PASS MeshVTKBody, ESMC_MeshVTKUTest.C, line 129
PASS MeshAddNodes, ESMC_MeshVTKUTest.C, line 158
PASS MeshGetLocalNodeCount, ESMC_MeshVTKUTest.C, line 178
Beginning Test, file ESMC_MeshVTKUTest.C, line 63
Beginning Test, file ESMC_MeshVTKUTest.C, line 63NUMBER_OF_PROCESSORS 6
PASS MeshCreate, ESMC_MeshVTKUTest.C, line 80
PASS MeshVTKHeader, ESMC_MeshVTKUTest.C, line 89
PASS MeshVTKHeader, ESMC_MeshVTKUTest.C, line 110
Beginning Test, file ESMC_MeshVTKUTest.C, line 63
Beginning Test, file ESMC_MeshVTKUTest.C, line 63NUMBER_OF_PROCESSORS 6
PASS MeshCreate, ESMC_MeshVTKUTest.C, line 80
Beginning Test, file ESMC_MeshVTKUTest.C, line 63
Beginning Test, file ESMC_MeshVTKUTest.C, line 63NUMBER_OF_PROCESSORS 6
PASS MeshCreate, ESMC_MeshVTKUTest.C, line 80
Beginning Test, file ESMC_MeshVTKUTest.C, line 63
Beginning Test, file ESMC_MeshVTKUTest.C, line 63NUMBER_OF_PROCESSORS 6
PASS MeshCreate, ESMC_MeshVTKUTest.C, line 80
PASS MeshVTKHeader, ESMC_MeshVTKUTest.C, line 89
Beginning Test, file ESMC_MeshVTKUTest.C, line 63
Beginning Test, file ESMC_MeshVTKUTest.C, line 63NUMBER_OF_PROCESSORS 6
PASS MeshCreate, ESMC_MeshVTKUTest.C, line 80
PASS MeshVTKHeader, ESMC_MeshVTKUTest.C, line 110
PASS MeshVTKHeader, ESMC_MeshVTKUTest.C, line 89
PASS MeshVTKHeader, ESMC_MeshVTKUTest.C, line 89
PASS MeshVTKHeader, ESMC_MeshVTKUTest.C, line 89
PASS MeshVTKHeader, ESMC_MeshVTKUTest.C, line 110
PASS MeshVTKHeader, ESMC_MeshVTKUTest.C, line 110
PASS MeshVTKHeader, ESMC_MeshVTKUTest.C, line 110
PASS MeshVTKBody, ESMC_MeshVTKUTest.C, line 129
PASS MeshAddNodes, ESMC_MeshVTKUTest.C, line 158
PASS MeshGetLocalNodeCount, ESMC_MeshVTKUTest.C, line 178
PASS MeshVTKBody, ESMC_MeshVTKUTest.C, line 129
PASS MeshAddNodes, ESMC_MeshVTKUTest.C, line 158
PASS MeshGetLocalNodeCount, ESMC_MeshVTKUTest.C, line 178
PASS MeshVTKBody, ESMC_MeshVTKUTest.C, line 129
PASS MeshVTKBody, ESMC_MeshVTKUTest.C, line 129
PASS MeshAddNodes, ESMC_MeshVTKUTest.C, line 158
PASS MeshGetLocalNodeCount, ESMC_MeshVTKUTest.C, line 178
PASS MeshAddNodes, ESMC_MeshVTKUTest.C, line 158
PASS MeshGetLocalNodeCount, ESMC_MeshVTKUTest.C, line 178
PASS MeshVTKBody, ESMC_MeshVTKUTest.C, line 129
PASS MeshAddNodes, ESMC_MeshVTKUTest.C, line 158
PASS MeshGetLocalNodeCount, ESMC_MeshVTKUTest.C, line 178
PASS MeshAddElements, ESMC_MeshVTKUTest.C, line 187
PASS MeshAddElements, ESMC_MeshVTKUTest.C, line 187
PASS MeshAddElements, ESMC_MeshVTKUTest.C, line 187
PASS MeshGetLocalElementCount, ESMC_MeshVTKUTest.C, line 207
PASS MeshAddElements, ESMC_MeshVTKUTest.C, line 187
PASS MeshGetLocalElementCount, ESMC_MeshVTKUTest.C, line 207
PASS MeshGetLocalElementCount, ESMC_MeshVTKUTest.C, line 207
PASS MeshAddElements, ESMC_MeshVTKUTest.C, line 187
PASS MeshGetLocalElementCount, ESMC_MeshVTKUTest.C, line 207
PASS MeshGetOwnedElementCount, ESMC_MeshVTKUTest.C, line 228
PASS MeshGetLocalElementCount, ESMC_MeshVTKUTest.C, line 207
PASS MeshAddElements, ESMC_MeshVTKUTest.C, line 187
PASS MeshGetLocalElementCount, ESMC_MeshVTKUTest.C, line 207
PASS MeshGetOwnedElementCount, ESMC_MeshVTKUTest.C, line 228
PASS MeshGetOwnedNodeCount, ESMC_MeshVTKUTest.C, line 249
PASS MeshGetOwnedElementCount, ESMC_MeshVTKUTest.C, line 228
PASS MeshGetOwnedNodeCount, ESMC_MeshVTKUTest.C, line 249
PASS MeshGetOwnedElementCount, ESMC_MeshVTKUTest.C, line 228
PASS MeshGetOwnedNodeCount, ESMC_MeshVTKUTest.C, line 249
PASS MeshGetOwnedNodeCount, ESMC_MeshVTKUTest.C, line 249
PASS MeshGetOwnedElementCount, ESMC_MeshVTKUTest.C, line 228
PASS MeshGetOwnedNodeCount, ESMC_MeshVTKUTest.C, line 249
PASS MeshGetOwnedElementCount, ESMC_MeshVTKUTest.C, line 228
PASS MeshGetOwnedNodeCount, ESMC_MeshVTKUTest.C, line 249
PASS MeshWrite, ESMC_MeshVTKUTest.C, line 269
PASS MeshWrite, ESMC_MeshVTKUTest.C, line 269
PASS MeshFreeMemory, ESMC_MeshVTKUTest.C, line 279
PASS MeshDestroy, ESMC_MeshVTKUTest.C, line 288
PASS MeshFreeMemory, ESMC_MeshVTKUTest.C, line 279
PASS MeshDestroy, ESMC_MeshVTKUTest.C, line 288
Ending Test, file ESMC_MeshVTKUTest.C, line 301
Ending Test, file ESMC_MeshVTKUTest.C, line 301
PASS MeshWrite, ESMC_MeshVTKUTest.C, line 269
PASS MeshFreeMemory, ESMC_MeshVTKUTest.C, line 279
PASS MeshDestroy, ESMC_MeshVTKUTest.C, line 288
Ending Test, file ESMC_MeshVTKUTest.C, line 301
PASS MeshWrite, ESMC_MeshVTKUTest.C, line 269
PASS MeshFreeMemory, ESMC_MeshVTKUTest.C, line 279
PASS MeshDestroy, ESMC_MeshVTKUTest.C, line 288
Ending Test, file ESMC_MeshVTKUTest.C, line 301
PASS MeshWrite, ESMC_MeshVTKUTest.C, line 269
PASS MeshFreeMemory, ESMC_MeshVTKUTest.C, line 279
PASS MeshDestroy, ESMC_MeshVTKUTest.C, line 288
Ending Test, file ESMC_MeshVTKUTest.C, line 301
PASS MeshWrite, ESMC_MeshVTKUTest.C, line 269
PASS MeshFreeMemory, ESMC_MeshVTKUTest.C, line 279
PASS MeshDestroy, ESMC_MeshVTKUTest.C, line 288
Ending Test, file ESMC_MeshVTKUTest.C, line 301
Ending Test, file ESMC_MeshVTKUTest.C, line 301 PET 0 Test Elapsed Time -920.212 msec.
Ending Test, file ESMC_MeshVTKUTest.C, line 301 PET 1 Test Elapsed Time -914.64 msec.
Ending Test, file ESMC_MeshVTKUTest.C, line 301 PET 2 Test Elapsed Time -922.78 msec.
Ending Test, file ESMC_MeshVTKUTest.C, line 301 PET 3 Test Elapsed Time -900.389 msec.
Ending Test, file ESMC_MeshVTKUTest.C, line 301 PET 4 Test Elapsed Time -921.878 msec.
Ending Test, file ESMC_MeshVTKUTest.C, line 301 PET 5 Test Elapsed Time -921.008 msec.
