build time -- 2022-03-20 01:32:12
  Beginning Test, file ESMF_IOUTest.F90, line 57
  NUMBER_OF_PROCESSORS           4
  Beginning Test, file ESMF_IOUTest.F90, line 57
  NUMBER_OF_PROCESSORS           4
  Beginning Test, file ESMF_IOUTest.F90, line 57
  NUMBER_OF_PROCESSORS           4
  Beginning Test, file ESMF_IOUTest.F90, line 57
  NUMBER_OF_PROCESSORS           4
  PASS  ESMF_OutputWeightFile, ESMF_IOUTest.F90, line 81
  PASS  ESMF_OutputWeightFile, ESMF_IOUTest.F90, line 81
  PASS  ESMF_OutputWeightFile, ESMF_IOUTest.F90, line 81
  PASS  ESMF_OutputWeightFile, ESMF_IOUTest.F90, line 81
  PASS  call ESMF_OutputWeightFile with empty factor list on four PETs, ESMF_IOU
 Test.F90, line 191
  Ending Test, file ESMF_IOUTest.F90, line 201
  PASS  call ESMF_OutputWeightFile with empty factor list on four PETs, ESMF_IOU
 Test.F90, line 191
  PASS  call ESMF_OutputWeightFile with empty factor list on four PETs, ESMF_IOU
 Test.F90, line 191
  Ending Test, file ESMF_IOUTest.F90, line 201
  PASS  call ESMF_OutputWeightFile with empty factor list on four PETs, ESMF_IOU
 Test.F90, line 191
  Ending Test, file ESMF_IOUTest.F90, line 201
  Ending Test, file ESMF_IOUTest.F90, line 201
  PET           3  Test Elapsed Time    11.7180000000000       msec.
  PET           0  Test Elapsed Time    10.0970000000000       msec.
  PET           1  Test Elapsed Time    11.5100000000000       msec.
  PET           2  Test Elapsed Time    11.4020000000000       msec.
