build time -- 2022-03-09 01:14:57.851414
srun: cluster configuration lacks support for cpu binding
  Beginning Test, file ESMF_InfoGetInterfaceArrayUTest.F90, line 61
  Beginning Test, file ESMF_InfoGetInterfaceArrayUTest.F90, line 61
  Beginning Test, file ESMF_InfoGetInterfaceArrayUTest.F90, line 61
  NUMBER_OF_PROCESSORS           4
  Beginning Test, file ESMF_InfoGetInterfaceArrayUTest.F90, line 61
  NUMBER_OF_PROCESSORS           4
  NUMBER_OF_PROCESSORS           4
  NUMBER_OF_PROCESSORS           4
  PASS  Get and manipulate an Array attribute, ESMF_InfoGetInterfaceArrayUTest.F
 90, line 117
  PASS  Deleting a host object and using a handle/view, ESMF_InfoGetInterfaceArr
 ayUTest.F90, line 142
  PASS  Get and manipulate an Array attribute, ESMF_InfoGetInterfaceArrayUTest.F
  Ending Test, file ESMF_InfoGetInterfaceArrayUTest.F90, line 149
 90, line 117
  PASS  Get and manipulate an Array attribute, ESMF_InfoGetInterfaceArrayUTest.F
  PASS  Deleting a host object and using a handle/view, ESMF_InfoGetInterfaceArr
 ayUTest.F90, line 142
  Ending Test, file ESMF_InfoGetInterfaceArrayUTest.F90, line 149
 90, line 117
  PASS  Deleting a host object and using a handle/view, ESMF_InfoGetInterfaceArr
 ayUTest.F90, line 142
  Ending Test, file ESMF_InfoGetInterfaceArrayUTest.F90, line 149
  PASS  Get and manipulate an Array attribute, ESMF_InfoGetInterfaceArrayUTest.F
 90, line 117
  PASS  Deleting a host object and using a handle/view, ESMF_InfoGetInterfaceArr
 ayUTest.F90, line 142
  Ending Test, file ESMF_InfoGetInterfaceArrayUTest.F90, line 149
  PET           2  Test Elapsed Time    18.1470000000000       msec.
  PET           1  Test Elapsed Time    13.7040000000000       msec.
  PET           3  Test Elapsed Time    16.8760000000000       msec.
  PET           0  Test Elapsed Time    17.0860000000000       msec.
