build time -- 2022-03-20 06:05:27.360416
Name: field	  Convention: customconvention2	  Purpose: custompurpose2	

Custom1	Custom2	Custom3	
         	         	         	
